Archive member included to satisfy reference by file (symbol)

C:/devkitPro/libnx/lib\libnx.a(fatal.o)
                              main.o (fatalThrow)
C:/devkitPro/libnx/lib\libnx.a(fs.o)
                              main.o (fsInitialize)
C:/devkitPro/libnx/lib\libnx.a(set.o)
                              main.o (setsysInitialize)
C:/devkitPro/libnx/lib\libnx.a(sm.o)
                              main.o (smInitialize)
C:/devkitPro/libnx/lib\libnx.a(diag.o)
                              C:/devkitPro/libnx/lib\libnx.a(sm.o) (diagAbortWithResult)
C:/devkitPro/libnx/lib\libnx.a(hosversion.o)
                              C:/devkitPro/libnx/lib\libnx.a(fatal.o) (hosversionGet)
C:/devkitPro/libnx/lib\libnx.a(fs_dev.o)
                              main.o (fsdevMountSdmc)
C:/devkitPro/libnx/lib\libnx.a(path_buf.o)
                              C:/devkitPro/libnx/lib\libnx.a(fs_dev.o) (__nx_dev_path_buf)
C:/devkitPro/libnx/lib\libnx.a(decode_utf8.o)
                              C:/devkitPro/libnx/lib\libnx.a(fs_dev.o) (decode_utf8)
C:/devkitPro/libnx/lib\libnx.a(svc.o)
                              C:/devkitPro/libnx/lib\libnx.a(fatal.o) (svcExitProcess)
C:/devkitPro/libnx/lib\libnx.a(readtp.o)
                              C:/devkitPro/libnx/lib\libnx.a(fs.o) (__aarch64_read_tp)
C:/devkitPro/libnx/lib\libnx.a(switch_crt0.o)
                              (_start)
C:/devkitPro/libnx/lib\libnx.a(event.o)
                              C:/devkitPro/libnx/lib\libnx.a(fs.o) (eventLoadRemote)
C:/devkitPro/libnx/lib\libnx.a(mutex.o)
                              C:/devkitPro/libnx/lib\libnx.a(fs.o) (mutexLock)
C:/devkitPro/libnx/lib\libnx.a(wait.o)
                              C:/devkitPro/libnx/lib\libnx.a(event.o) (waitObjects)
C:/devkitPro/libnx/lib\libnx.a(sessionmgr.o)
                              C:/devkitPro/libnx/lib\libnx.a(fs.o) (sessionmgrCreate)
C:/devkitPro/libnx/lib\libnx.a(time.o)
                              C:/devkitPro/libnx/lib\libnx.a(fs_dev.o) (timeToPosixTimeWithMyRule)
C:/devkitPro/libnx/lib\libnx.a(alloc.o)
                              C:/devkitPro/libnx/lib\libnx.a(fs_dev.o) (__libnx_alloc)
C:/devkitPro/libnx/lib\libnx.a(argv.o)
                              C:/devkitPro/libnx/lib\libnx.a(fs_dev.o) (__system_argc)
C:/devkitPro/libnx/lib\libnx.a(dynamic.o)
                              C:/devkitPro/libnx/lib\libnx.a(switch_crt0.o) (__nx_dynamic)
C:/devkitPro/libnx/lib\libnx.a(env.o)
                              C:/devkitPro/libnx/lib\libnx.a(fs_dev.o) (envIsNso)
C:/devkitPro/libnx/lib\libnx.a(init.o)
                              C:/devkitPro/libnx/lib\libnx.a(switch_crt0.o) (__libnx_init)
C:/devkitPro/libnx/lib\libnx.a(newlib.o)
                              C:/devkitPro/libnx/lib\libnx.a(init.o) (__libnx_init_time)
C:/devkitPro/libnx/lib\libnx.a(nxlink.o)
                              C:/devkitPro/libnx/lib\libnx.a(argv.o) (nxlinkSetup)
C:/devkitPro/libnx/lib\libnx.a(exception.o)
                              C:/devkitPro/libnx/lib\libnx.a(switch_crt0.o) (__libnx_exception_entry)
C:/devkitPro/libnx/lib\libnx.a(condvar.o)
                              C:/devkitPro/libnx/lib\libnx.a(sessionmgr.o) (condvarWaitTimeout)
C:/devkitPro/libnx/lib\libnx.a(shmem.o)
                              C:/devkitPro/libnx/lib\libnx.a(time.o) (shmemLoadRemote)
C:/devkitPro/libnx/lib\libnx.a(thread.o)
                              C:/devkitPro/libnx/lib\libnx.a(init.o) (__libnx_init_thread)
C:/devkitPro/libnx/lib\libnx.a(virtmem.o)
                              C:/devkitPro/libnx/lib\libnx.a(init.o) (virtmemSetup)
C:/devkitPro/libnx/lib\libnx.a(applet.o)
                              C:/devkitPro/libnx/lib\libnx.a(init.o) (appletExit)
C:/devkitPro/libnx/lib\libnx.a(hid.o)
                              C:/devkitPro/libnx/lib\libnx.a(init.o) (hidInitialize)
C:/devkitPro/libnx/lib\libnx.a(random.o)
                              C:/devkitPro/libnx/lib\libnx.a(virtmem.o) (randomGet64)
C:/devkitPro/libnx/lib\libnx.a(tmem.o)
                              C:/devkitPro/libnx/lib\libnx.a(applet.o) (tmemCreate)
C:/devkitPro/libnx/lib\libnx.a(apm.o)
                              C:/devkitPro/libnx/lib\libnx.a(applet.o) (apmInitialize)
C:/devkitPro/devkitA64/bin/../lib/gcc/aarch64-none-elf/15.2.0/../../../../aarch64-none-elf/lib/pic\libg.a(libc_a-strncat.o)
                              C:/devkitPro/libnx/lib\libnx.a(fs_dev.o) (strncat)
C:/devkitPro/devkitA64/bin/../lib/gcc/aarch64-none-elf/15.2.0/../../../../aarch64-none-elf/lib/pic\libg.a(libc_a-strnlen.o)
                              C:/devkitPro/libnx/lib\libnx.a(fs_dev.o) (strnlen)
C:/devkitPro/devkitA64/bin/../lib/gcc/aarch64-none-elf/15.2.0/../../../../aarch64-none-elf/lib/pic\libg.a(libc_a-impure.o)
                              C:/devkitPro/libnx/lib\libnx.a(newlib.o) (_impure_ptr)
C:/devkitPro/devkitA64/bin/../lib/gcc/aarch64-none-elf/15.2.0/../../../../aarch64-none-elf/lib/pic\libg.a(libc_a-bsearch.o)
[...]
Memory Configuration

Name             Origin             Length             Attributes
*default*        0x0000000000000000 0xffffffffffffffff

Linker script and memory map

                0x0000000000000000                PROVIDE (__start__ = 0x0)
                0x0000000000000000                . = __start__
                [!provide]                        PROVIDE (__code_start = .)

.text           0x0000000000000000     0x8518
 *(.crt0)
 .crt0          0x0000000000000000      0x130 C:/devkitPro/libnx/lib\libnx.a(switch_crt0.o)
                0x0000000000000000                _start
                0x00000000000000e0                __nx_exit
                0x00000000000000f0                __nx_mod0
 *(.text.unlikely .text.*_unlikely .text.unlikely.*)
 *(.text.exit .text.exit.*)
 *fill*         0x0000000000000130       0x10 
 .text.exit     0x0000000000000140       0x34 C:/devkitPro/devkitA64/bin/../lib/gcc/aarch64-none-elf/15.2.0/../../../../aarch64-none-elf/lib/pic\libg.a(libc_a-exit.o)
                0x0000000000000140                exit
 *(.text.startup .text.startup.*)
 *fill*         0x0000000000000174        0xc 
 .text.startup.main
                0x0000000000000180       0x1c main.o
                0x0000000000000180                main
 *(.text.hot .text.hot.*)
 *(.text .stub .text.* .gnu.linkonce.t.*)
 *fill*         0x000000000000019c        0x4 
 .text.__do_global_dtors_aux
                0x00000000000001a0       0x50 C:/devkitPro/devkitA64/bin/../lib/gcc/aarch64-none-elf/15.2.0/pic/crtbegin.o
 *fill*         0x00000000000001f0       0x10 
 .text.frame_dummy
                0x0000000000000200       0x24 C:/devkitPro/devkitA64/bin/../lib/gcc/aarch64-none-elf/15.2.0/pic/crtbegin.o
 *fill*         0x0000000000000224        0xc 
 .text.__libnx_initheap
                0x0000000000000230       0x30 main.o
                0x0000000000000230                __libnx_initheap
 .text.__appInit
                0x0000000000000260       0x70 main.o
                0x0000000000000260                __appInit
 .text.__appExit
                0x00000000000002d0       0x14 main.o
                0x00000000000002d0                __appExit
 *fill*         0x00000000000002e4        0xc 
 .text._fatalCmd
                0x00000000000002f0      0x1c4 C:/devkitPro/libnx/lib\libnx.a(fatal.o)
 *fill*         0x00000000000004b4        0xc 
 .text.fatalThrowWithPolicy
                0x00000000000004c0        0xc C:/devkitPro/libnx/lib\libnx.a(fatal.o)
                0x00000000000004c0                fatalThrowWithPolicy
 *fill*         0x00000000000004cc        0x4 
 .text.fatalThrow
                0x00000000000004d0       0x14 C:/devkitPro/libnx/lib\libnx.a(fatal.o)
                0x00000000000004d0                fatalThrow
 *fill*         0x00000000000004e4        0xc 
 .text._fsCleanup
                0x00000000000004f0       0xb4 C:/devkitPro/libnx/lib\libnx.a(fs.o)
 *fill*         0x00000000000005a4        0xc 
 .text._fsCmdNoIO
                0x00000000000005b0      0x1c0 C:/devkitPro/libnx/lib\libnx.a(fs.o)
 .text._fsFsCmdWithInPath
                0x0000000000000770      0x1e0 C:/devkitPro/libnx/lib\libnx.a(fs.o)
 .text._fsFsCmdWithTwoInPaths
                0x0000000000000950      0x1f8 C:/devkitPro/libnx/lib\libnx.a(fs.o)
 *fill*         0x0000000000000b48        0x8 
 .text._fsFsOpenCommon
                0x0000000000000b50      0x28c C:/devkitPro/libnx/lib\libnx.a(fs.o)
 *fill*         0x0000000000000ddc        0x4 
 .text._fsFsCmdWithInPathAndOutU64
                0x0000000000000de0      0x1fc C:/devkitPro/libnx/lib\libnx.a(fs.o)
 *fill*         0x0000000000000fdc        0x4 
 .text._fsObjectClose
                0x0000000000000fe0       0xf8 C:/devkitPro/libnx/lib\libnx.a(fs.o)
 *fill*         0x00000000000010d8        0x8 
 .text._fsCmdGetSession.constprop.0
                0x00000000000010e0      0x17c C:/devkitPro/libnx/lib\libnx.a(fs.o)
 *fill*         0x000000000000125c        0x4 
 .text.fsInitialize
                0x0000000000001260      0x2f8 C:/devkitPro/libnx/lib\libnx.a(fs.o)
                0x0000000000001260                fsInitialize
 *fill*         0x0000000000001558        0x8 
 .text.fsExit   0x0000000000001560       0x48 C:/devkitPro/libnx/lib\libnx.a(fs.o)
                0x0000000000001560                fsExit
 *fill*         0x00000000000015a8        0x8 
 .text.fsOpenSdCardFileSystem
                0x00000000000015b0        0x8 C:/devkitPro/libnx/lib\libnx.a(fs.o)
                0x00000000000015b0                fsOpenSdCardFileSystem
 *fill*         0x00000000000015b8        0x8 
 .text.fsFsCreateFile
                0x00000000000015c0      0x1ec C:/devkitPro/libnx/lib\libnx.a(fs.o)
                0x00000000000015c0                fsFsCreateFile
 *fill*         0x00000000000017ac        0x4 
 .text.fsFsDeleteFile
                0x00000000000017b0        0x8 C:/devkitPro/libnx/lib\libnx.a(fs.o)
                0x00000000000017b0                fsFsDeleteFile
 *fill*         0x00000000000017b8        0x8 
 .text.fsFsCreateDirectory
                0x00000000000017c0        0x8 C:/devkitPro/libnx/lib\libnx.a(fs.o)
                0x00000000000017c0                fsFsCreateDirectory
 *fill*         0x00000000000017c8        0x8 
 .text.fsFsDeleteDirectory
                0x00000000000017d0        0x8 C:/devkitPro/libnx/lib\libnx.a(fs.o)
                0x00000000000017d0                fsFsDeleteDirectory
 *fill*         0x00000000000017d8        0x8 
 .text.fsFsRenameFile
                0x00000000000017e0        0x8 C:/devkitPro/libnx/lib\libnx.a(fs.o)
                0x00000000000017e0                fsFsRenameFile
 *fill*         0x00000000000017e8        0x8 
 .text.fsFsRenameDirectory
                0x00000000000017f0        0x8 C:/devkitPro/libnx/lib\libnx.a(fs.o)
                0x00000000000017f0                fsFsRenameDirectory
 *fill*         0x00000000000017f8        0x8 
 .text.fsFsGetEntryType
                0x0000000000001800      0x1f0 C:/devkitPro/libnx/lib\libnx.a(fs.o)
                0x0000000000001800                fsFsGetEntryType
 .text.fsFsOpenFile
                0x00000000000019f0        0x8 C:/devkitPro/libnx/lib\libnx.a(fs.o)
                0x00000000000019f0                fsFsOpenFile
 *fill*         0x00000000000019f8        0x8 
 .text.fsFsOpenDirectory
                0x0000000000001a00        0x8 C:/devkitPro/libnx/lib\libnx.a(fs.o)
                0x0000000000001a00                fsFsOpenDirectory
 *fill*         0x0000000000001a08        0x8 
 .text.fsFsGetFreeSpace
                0x0000000000001a10        0x8 C:/devkitPro/libnx/lib\libnx.a(fs.o)
                0x0000000000001a10                fsFsGetFreeSpace
 *fill*         0x0000000000001a18        0x8 
 .text.fsFsGetTotalSpace
                0x0000000000001a20        0x8 C:/devkitPro/libnx/lib\libnx.a(fs.o)
                0x0000000000001a20                fsFsGetTotalSpace
 *fill*         0x0000000000001a28        0x8 
 .text.fsFsGetFileTimeStampRaw
                0x0000000000001a30      0x230 C:/devkitPro/libnx/lib\libnx.a(fs.o)
                0x0000000000001a30                fsFsGetFileTimeStampRaw
 .text.fsFsClose
                0x0000000000001c60        0x4 C:/devkitPro/libnx/lib\libnx.a(fs.o)
                0x0000000000001c60                fsFsClose
 *fill*         0x0000000000001c64        0xc 
 .text.fsFileRead
                0x0000000000001c70      0x214 C:/devkitPro/libnx/lib\libnx.a(fs.o)
                0x0000000000001c70                fsFileRead
 *fill*         0x0000000000001e84        0xc 
 .text.fsFileWrite
                0x0000000000001e90      0x1f8 C:/devkitPro/libnx/lib\libnx.a(fs.o)
                0x0000000000001e90                fsFileWrite
 *fill*         0x0000000000002088        0x8 
 .text.fsFileFlush
                0x0000000000002090        0x8 C:/devkitPro/libnx/lib\libnx.a(fs.o)
                0x0000000000002090                fsFileFlush
 *fill*         0x0000000000002098        0x8 
 .text.fsFileSetSize
                0x00000000000020a0      0x1c0 C:/devkitPro/libnx/lib\libnx.a(fs.o)
                0x00000000000020a0                fsFileSetSize
 .text.fsFileGetSize
                0x0000000000002260      0x1d4 C:/devkitPro/libnx/lib\libnx.a(fs.o)
                0x0000000000002260                fsFileGetSize
 *fill*         0x0000000000002434        0xc 
 .text.fsFileClose
                0x0000000000002440        0x4 C:/devkitPro/libnx/lib\libnx.a(fs.o)
                0x0000000000002440                fsFileClose
 *fill*         0x0000000000002444        0xc 
 .text.fsDirClose
                0x0000000000002450        0x4 C:/devkitPro/libnx/lib\libnx.a(fs.o)
                0x0000000000002450                fsDirClose
 *fill*         0x0000000000002454        0xc 
 .text.fsDirRead
                0x0000000000002460      0x204 C:/devkitPro/libnx/lib\libnx.a(fs.o)
                0x0000000000002460                fsDirRead
 *fill*         0x0000000000002664        0xc 
 .text._setsysGetFirmwareVersionImpl
                0x0000000000002670       0xd0 C:/devkitPro/libnx/lib\libnx.a(set.o)
 .text._setsysCleanup
                0x0000000000002740       0x78 C:/devkitPro/libnx/lib\libnx.a(set.o)
 *fill*         0x00000000000027b8        0x8 
 .text.setsysInitialize
                0x00000000000027c0       0xa0 C:/devkitPro/libnx/lib\libnx.a(set.o)
                0x00000000000027c0                setsysInitialize
 .text.setsysExit
                0x0000000000002860       0x48 C:/devkitPro/libnx/lib\libnx.a(set.o)
                0x0000000000002860                setsysExit
 *fill*         0x00000000000028a8        0x8 
 .text.setsysGetFirmwareVersion
                0x00000000000028b0       0x48 C:/devkitPro/libnx/lib\libnx.a(set.o)
                0x00000000000028b0                setsysGetFirmwareVersion
 *fill*         0x00000000000028f8        0x8 
 .text._smCmifCmdInPid
                0x0000000000002900       0xcc C:/devkitPro/libnx/lib\libnx.a(sm.o)
 *fill*         0x00000000000029cc        0x4 
 .text._smCleanup
                0x00000000000029d0       0x78 C:/devkitPro/libnx/lib\libnx.a(sm.o)
 *fill*         0x0000000000002a48        0x8 
 .text.smAddOverrideHandle
                0x0000000000002a50       0x48 C:/devkitPro/libnx/lib\libnx.a(sm.o)
                0x0000000000002a50                smAddOverrideHandle
 *fill*         0x0000000000002a98        0x8 
 .text.smGetServiceOverride
                0x0000000000002aa0       0x54 C:/devkitPro/libnx/lib\libnx.a(sm.o)
                0x0000000000002aa0                smGetServiceOverride
 *fill*         0x0000000000002af4        0xc 
 .text.smInitialize
                0x0000000000002b00      0x1ac C:/devkitPro/libnx/lib\libnx.a(sm.o)
                0x0000000000002b00                smInitialize
 *fill*         0x0000000000002cac        0x4 
 .text.smExit   0x0000000000002cb0       0x48 C:/devkitPro/libnx/lib\libnx.a(sm.o)
                0x0000000000002cb0                smExit
 *fill*         0x0000000000002cf8        0x8 
 .text.smGetServiceOriginal
                0x0000000000002d00       0xd0 C:/devkitPro/libnx/lib\libnx.a(sm.o)
                0x0000000000002d00                smGetServiceOriginal
 .text.smGetServiceWrapper
                0x0000000000002dd0      0x120 C:/devkitPro/libnx/lib\libnx.a(sm.o)
                0x0000000000002dd0                smGetServiceWrapper
 .text.diagAbortWithResult
                0x0000000000002ef0       0x1c C:/devkitPro/libnx/lib\libnx.a(diag.o)
                0x0000000000002ef0                diagAbortWithResult
 *fill*         0x0000000000002f0c        0x4 
 .text.hosversionGet
                0x0000000000002f10       0x14 C:/devkitPro/libnx/lib\libnx.a(hosversion.o)
                0x0000000000002f10                hosversionGet
 *fill*         0x0000000000002f24        0xc 
 .text.hosversionSet
                0x0000000000002f30       0x10 C:/devkitPro/libnx/lib\libnx.a(hosversion.o)
                0x0000000000002f30                hosversionSet
 .text.fsdev_link
                0x0000000000002f40       0x10 C:/devkitPro/libnx/lib\libnx.a(fs_dev.o)
 .text.fsdev_dirreset
                0x0000000000002f50       0x10 C:/devkitPro/libnx/lib\libnx.a(fs_dev.o)
 .text.fsdev_chmod
                0x0000000000002f60       0x10 C:/devkitPro/libnx/lib\libnx.a(fs_dev.o)
 .text.error_cmp
                0x0000000000002f70       0x18 C:/devkitPro/libnx/lib\libnx.a(fs_dev.o)
 *fill*         0x0000000000002f88        0x8 
 .text.fsdev_dirclose
                0x0000000000002f90       0x20 C:/devkitPro/libnx/lib\libnx.a(fs_dev.o)
 .text.fsdev_close
                0x0000000000002fb0       0x1c C:/devkitPro/libnx/lib\libnx.a(fs_dev.o)
 *fill*         0x0000000000002fcc        0x4 
 .text.fsdev_converttimetoutc
                0x0000000000002fd0       0x74 C:/devkitPro/libnx/lib\libnx.a(fs_dev.o)
 *fill*         0x0000000000003044        0xc 
 .text.fsdevFindDevice.part.0
                0x0000000000003050       0xf8 C:/devkitPro/libnx/lib\libnx.a(fs_dev.o)
 *fill*         0x0000000000003148        0x8 
 .text.fsdev_fixpath
                0x0000000000003150      0x1cc C:/devkitPro/libnx/lib\libnx.a(fs_dev.o)
 *fill*         0x000000000000331c        0x4 
 .text.fsdev_fchmod
                0x0000000000003320       0x10 C:/devkitPro/libnx/lib\libnx.a(fs_dev.o)
 .text.fsdev_diropen
                0x0000000000003330      0x100 C:/devkitPro/libnx/lib\libnx.a(fs_dev.o)
 .text.fsdev_statvfs
                0x0000000000003430       0xf8 C:/devkitPro/libnx/lib\libnx.a(fs_dev.o)
 *fill*         0x0000000000003528        0x8 
 .text.fsdev_fsync
                0x0000000000003530       0x7c C:/devkitPro/libnx/lib\libnx.a(fs_dev.o)
 *fill*         0x00000000000035ac        0x4 
 .text.fsdev_fstat
                0x00000000000035b0       0xec C:/devkitPro/libnx/lib\libnx.a(fs_dev.o)
 *fill*         0x000000000000369c        0x4 
 .text.fsdev_ftruncate
                0x00000000000036a0       0x94 C:/devkitPro/libnx/lib\libnx.a(fs_dev.o)
 *fill*         0x0000000000003734        0xc 
 .text.fsdev_stat
                0x0000000000003740      0x1d8 C:/devkitPro/libnx/lib\libnx.a(fs_dev.o)
 *fill*         0x0000000000003918        0x8 
 .text.fsdev_rename
                0x0000000000003920      0x14c C:/devkitPro/libnx/lib\libnx.a(fs_dev.o)
 *fill*         0x0000000000003a6c        0x4 
 .text.fsdev_chdir
                0x0000000000003a70      0x13c C:/devkitPro/libnx/lib\libnx.a(fs_dev.o)
 *fill*         0x0000000000003bac        0x4 
 .text.fsdev_rmdir
                0x0000000000003bb0       0xa4 C:/devkitPro/libnx/lib\libnx.a(fs_dev.o)
 *fill*         0x0000000000003c54        0xc 
 .text.fsdev_mkdir
                0x0000000000003c60       0xa4 C:/devkitPro/libnx/lib\libnx.a(fs_dev.o)
 *fill*         0x0000000000003d04        0xc 
 .text.fsdev_unlink
                0x0000000000003d10       0xa4 C:/devkitPro/libnx/lib\libnx.a(fs_dev.o)
 *fill*         0x0000000000003db4        0xc 
 .text.fsdev_write_safe
                0x0000000000003dc0      0x13c C:/devkitPro/libnx/lib\libnx.a(fs_dev.o)
 *fill*         0x0000000000003efc        0x4 
 .text.fsdev_read_safe
                0x0000000000003f00      0x134 C:/devkitPro/libnx/lib\libnx.a(fs_dev.o)
 *fill*         0x0000000000004034        0xc 
 .text.fsdev_read
                0x0000000000004040      0x100 C:/devkitPro/libnx/lib\libnx.a(fs_dev.o)
 .text.fsdev_dirnext
                0x0000000000004140      0x1d4 C:/devkitPro/libnx/lib\libnx.a(fs_dev.o)
 *fill*         0x0000000000004314        0xc 
 .text.fsdev_write
                0x0000000000004320      0x124 C:/devkitPro/libnx/lib\libnx.a(fs_dev.o)
 *fill*         0x0000000000004444        0xc 
 .text.fsdev_seek
                0x0000000000004450      0x110 C:/devkitPro/libnx/lib\libnx.a(fs_dev.o)
 .text.fsdev_open
                0x0000000000004560      0x230 C:/devkitPro/libnx/lib\libnx.a(fs_dev.o)
 .text.fsdevMountDevice
                0x0000000000004790      0x324 C:/devkitPro/libnx/lib\libnx.a(fs_dev.o)
                0x0000000000004790                fsdevMountDevice
 *fill*         0x0000000000004ab4        0xc 
 .text.fsdevMountSdmc
                0x0000000000004ac0       0x40 C:/devkitPro/libnx/lib\libnx.a(fs_dev.o)
                0x0000000000004ac0                fsdevMountSdmc
 .text.decode_utf8
                0x0000000000004b00      0x128 C:/devkitPro/libnx/lib\libnx.a(decode_utf8.o)
                0x0000000000004b00                decode_utf8
 .text.svcSetMemoryPermission
                0x0000000000004c28        0x8 C:/devkitPro/libnx/lib\libnx.a(svc.o)
                0x0000000000004c28                svcSetMemoryPermission
 .text.svcSetMemoryAttribute
                0x0000000000004c30        0x8 C:/devkitPro/libnx/lib\libnx.a(svc.o)
                0x0000000000004c30                svcSetMemoryAttribute
 .text.svcUnmapMemory
                0x0000000000004c38        0x8 C:/devkitPro/libnx/lib\libnx.a(svc.o)
                0x0000000000004c38                svcUnmapMemory
 .text.svcQueryMemory
                0x0000000000004c40       0x14 C:/devkitPro/libnx/lib\libnx.a(svc.o)
                0x0000000000004c40                svcQueryMemory
 .text.svcExitProcess
                0x0000000000004c54        0x8 C:/devkitPro/libnx/lib\libnx.a(svc.o)
                0x0000000000004c54                svcExitProcess
 .text.svcSleepThread
                0x0000000000004c5c        0x8 C:/devkitPro/libnx/lib\libnx.a(svc.o)
                0x0000000000004c5c                svcSleepThread
 .text.svcCloseHandle
                0x0000000000004c64        0x8 C:/devkitPro/libnx/lib\libnx.a(svc.o)
                0x0000000000004c64                svcCloseHandle
 .text.svcArbitrateLock
                0x0000000000004c6c        0x8 C:/devkitPro/libnx/lib\libnx.a(svc.o)
                0x0000000000004c6c                svcArbitrateLock
 .text.svcArbitrateUnlock
                0x0000000000004c74        0x8 C:/devkitPro/libnx/lib\libnx.a(svc.o)
                0x0000000000004c74                svcArbitrateUnlock
 .text.svcWaitProcessWideKeyAtomic
                0x0000000000004c7c        0x8 C:/devkitPro/libnx/lib\libnx.a(svc.o)
                0x0000000000004c7c                svcWaitProcessWideKeyAtomic
 .text.svcSignalProcessWideKey
                0x0000000000004c84        0x8 C:/devkitPro/libnx/lib\libnx.a(svc.o)
                0x0000000000004c84                svcSignalProcessWideKey
 .text.svcConnectToNamedPort
                0x0000000000004c8c       0x14 C:/devkitPro/libnx/lib\libnx.a(svc.o)
                0x0000000000004c8c                svcConnectToNamedPort
 .text.svcSendSyncRequest
                0x0000000000004ca0        0x8 C:/devkitPro/libnx/lib\libnx.a(svc.o)
                0x0000000000004ca0                svcSendSyncRequest
 .text.svcBreak
                0x0000000000004ca8        0x8 C:/devkitPro/libnx/lib\libnx.a(svc.o)
                0x0000000000004ca8                svcBreak
 .text.svcReturnFromException
                0x0000000000004cb0        0x8 C:/devkitPro/libnx/lib\libnx.a(svc.o)
                0x0000000000004cb0                svcReturnFromException
 .text.svcGetInfo
                0x0000000000004cb8       0x14 C:/devkitPro/libnx/lib\libnx.a(svc.o)
                0x0000000000004cb8                svcGetInfo
 .text.__aarch64_read_tp
                0x0000000000004ccc        0xc C:/devkitPro/libnx/lib\libnx.a(readtp.o)
                0x0000000000004ccc                __aarch64_read_tp
 *fill*         0x0000000000004cd8        0x8 
 .text.mutexLock
                0x0000000000004ce0       0xc8 C:/devkitPro/libnx/lib\libnx.a(mutex.o)
                0x0000000000004ce0                mutexLock
 *fill*         0x0000000000004da8        0x8 
 .text.mutexUnlock
                0x0000000000004db0       0x68 C:/devkitPro/libnx/lib\libnx.a(mutex.o)
                0x0000000000004db0                mutexUnlock
 *fill*         0x0000000000004e18        0x8 
 .text.mutexIsLockedByCurrentThread
                0x0000000000004e20       0x1c C:/devkitPro/libnx/lib\libnx.a(mutex.o)
                0x0000000000004e20                mutexIsLockedByCurrentThread
 *fill*         0x0000000000004e3c        0x4 
 .text.rmutexLock
                0x0000000000004e40       0x50 C:/devkitPro/libnx/lib\libnx.a(mutex.o)
                0x0000000000004e40                rmutexLock
 .text.rmutexUnlock
                0x0000000000004e90       0x18 C:/devkitPro/libnx/lib\libnx.a(mutex.o)
                0x0000000000004e90                rmutexUnlock
 *fill*         0x0000000000004ea8        0x8 
 .text.sessionmgrCreate
                0x0000000000004eb0      0x184 C:/devkitPro/libnx/lib\libnx.a(sessionmgr.o)
                0x0000000000004eb0                sessionmgrCreate
 *fill*         0x0000000000005034        0xc 
 .text.sessionmgrClose
                0x0000000000005040       0x84 C:/devkitPro/libnx/lib\libnx.a(sessionmgr.o)
                0x0000000000005040                sessionmgrClose
 *fill*         0x00000000000050c4        0xc 
 .text.sessionmgrAttachClient
                0x00000000000050d0       0xa8 C:/devkitPro/libnx/lib\libnx.a(sessionmgr.o)
                0x00000000000050d0                sessionmgrAttachClient
 *fill*         0x0000000000005178        0x8 
 .text.sessionmgrDetachClient
                0x0000000000005180       0x60 C:/devkitPro/libnx/lib\libnx.a(sessionmgr.o)
                0x0000000000005180                sessionmgrDetachClient
 .text.timeToPosixTimeWithMyRule
                0x00000000000051e0      0x114 C:/devkitPro/libnx/lib\libnx.a(time.o)
                0x00000000000051e0                timeToPosixTimeWithMyRule
 *fill*         0x00000000000052f4        0xc 
 .text.__libnx_alloc
                0x0000000000005300        0x4 C:/devkitPro/libnx/lib\libnx.a(alloc.o)
                0x0000000000005300                __libnx_alloc
 *fill*         0x0000000000005304        0xc 
 .text.argvSetup
                0x0000000000005310      0x314 C:/devkitPro/libnx/lib\libnx.a(argv.o)
                0x0000000000005310                argvSetup
 *fill*         0x0000000000005624        0xc 
 .text.__nx_dynamic
                0x0000000000005630      0x1fc C:/devkitPro/libnx/lib\libnx.a(dynamic.o)
                0x0000000000005630                __nx_dynamic
 *fill*         0x000000000000582c        0x4 
 .text.envSetup
                0x0000000000005830      0x208 C:/devkitPro/libnx/lib\libnx.a(env.o)
                0x0000000000005830                envSetup
 *fill*         0x0000000000005a38        0x8 
 .text.envGetMainThreadHandle
                0x0000000000005a40       0x20 C:/devkitPro/libnx/lib\libnx.a(env.o)
                0x0000000000005a40                envGetMainThreadHandle
 .text.envIsNso
                0x0000000000005a60        0xc C:/devkitPro/libnx/lib\libnx.a(env.o)
                0x0000000000005a60                envIsNso
 *fill*         0x0000000000005a6c        0x4 
 .text.envHasArgv
                0x0000000000005a70       0x14 C:/devkitPro/libnx/lib\libnx.a(env.o)
                0x0000000000005a70                envHasArgv
 *fill*         0x0000000000005a84        0xc 
 .text.envGetArgv
                0x0000000000005a90        0xc C:/devkitPro/libnx/lib\libnx.a(env.o)
                0x0000000000005a90                envGetArgv
 *fill*         0x0000000000005a9c        0x4 
 .text.envGetExitFuncPtr
                0x0000000000005aa0        0xc C:/devkitPro/libnx/lib\libnx.a(env.o)
                0x0000000000005aa0                envGetExitFuncPtr
 *fill*         0x0000000000005aac        0x4 
 .text.__libnx_init
                0x0000000000005ab0       0x2c C:/devkitPro/libnx/lib\libnx.a(init.o)
                0x0000000000005ab0                __libnx_init
 *fill*         0x0000000000005adc        0x4 
 .text.__libnx_exit
                0x0000000000005ae0       0x1c C:/devkitPro/libnx/lib\libnx.a(init.o)
                0x0000000000005ae0                __libnx_exit
 *fill*         0x0000000000005afc        0x4 
 .text.__syscall_exit
                0x0000000000005b00       0x1c C:/devkitPro/libnx/lib\libnx.a(newlib.o)
                0x0000000000005b00                __syscall_exit
 *fill*         0x0000000000005b1c        0x4 
 .text.__syscall_getreent
                0x0000000000005b20       0x34 C:/devkitPro/libnx/lib\libnx.a(newlib.o)
                0x0000000000005b20                __syscall_getreent
 *fill*         0x0000000000005b54        0xc 
 .text.__syscall_lock_acquire_recursive
                0x0000000000005b60        0x4 C:/devkitPro/libnx/lib\libnx.a(newlib.o)
                0x0000000000005b60                __syscall_lock_acquire_recursive
 *fill*         0x0000000000005b64        0xc 
 .text.__syscall_lock_release_recursive
                0x0000000000005b70        0x4 C:/devkitPro/libnx/lib\libnx.a(newlib.o)
                0x0000000000005b70                __syscall_lock_release_recursive
 *fill*         0x0000000000005b74        0xc 
 .text.newlibSetup
                0x0000000000005b80       0x98 C:/devkitPro/libnx/lib\libnx.a(newlib.o)
                0x0000000000005b80                newlibSetup
 *fill*         0x0000000000005c18        0x8 
 .text.nxlinkSetup
                0x0000000000005c20       0xe8 C:/devkitPro/libnx/lib\libnx.a(nxlink.o)
                0x0000000000005c20                nxlinkSetup
 .text.__libnx_exception_entry
                0x0000000000005d08      0x1c0 C:/devkitPro/libnx/lib\libnx.a(exception.o)
                0x0000000000005d08                __libnx_exception_entry
 .text.__libnx_exception_returnentry
                0x0000000000005ec8       0x18 C:/devkitPro/libnx/lib\libnx.a(exception.o)
                0x0000000000005ec8                __libnx_exception_returnentry
 .text.condvarWaitTimeout
                0x0000000000005ee0       0x70 C:/devkitPro/libnx/lib\libnx.a(condvar.o)
                0x0000000000005ee0                condvarWaitTimeout
 .text.__libnx_init_thread
                0x0000000000005f50       0xb0 C:/devkitPro/libnx/lib\libnx.a(thread.o)
                0x0000000000005f50                __libnx_init_thread
 .text._memregionInitWithInfo
                0x0000000000006000       0x64 C:/devkitPro/libnx/lib\libnx.a(virtmem.o)
 *fill*         0x0000000000006064        0xc 
 .text.virtmemSetup
                0x0000000000006070      0x140 C:/devkitPro/libnx/lib\libnx.a(virtmem.o)
                0x0000000000006070                virtmemSetup
 *fill*         0x00000000000061b0       0x10 
 .text.strncat  0x00000000000061c0       0xc4 C:/devkitPro/devkitA64/bin/../lib/gcc/aarch64-none-elf/15.2.0/../../../../aarch64-none-elf/lib/pic\libg.a(libc_a-strncat.o)
                0x00000000000061c0                strncat
 *fill*         0x0000000000006284       0x3c 
 .text          0x00000000000062c0       0xb8 C:/devkitPro/devkitA64/bin/../lib/gcc/aarch64-none-elf/15.2.0/../../../../aarch64-none-elf/lib/pic\libg.a(libc_a-strnlen.o)
                0x00000000000062c0                strnlen
 *fill*         0x0000000000006378        0x8 
 .text.bsearch  0x0000000000006380       0xb4 C:/devkitPro/devkitA64/bin/../lib/gcc/aarch64-none-elf/15.2.0/../../../../aarch64-none-elf/lib/pic\libg.a(libc_a-bsearch.o)
                0x0000000000006380                bsearch
 *fill*         0x0000000000006434        0xc 
 .text          0x0000000000006440      0x22c C:/devkitPro/devkitA64/bin/../lib/gcc/aarch64-none-elf/15.2.0/../../../../aarch64-none-elf/lib/pic\libg.a(libc_a-memcpy.o)
                0x0000000000006440                memcpy
                0x0000000000006440                memmove
 *fill*         0x000000000000666c       0x14 
 .text.gmtime   0x0000000000006680       0x28 C:/devkitPro/devkitA64/bin/../lib/gcc/aarch64-none-elf/15.2.0/../../../../aarch64-none-elf/lib/pic\libg.a(libc_a-gmtime.o)
                0x0000000000006680                gmtime
 *fill*         0x00000000000066a8       0x18 
 .text          0x00000000000066c0      0x104 C:/devkitPro/devkitA64/bin/../lib/gcc/aarch64-none-elf/15.2.0/../../../../aarch64-none-elf/lib/pic\libg.a(libc_a-memset.o)
                0x00000000000066c0                memset
 *fill*         0x00000000000067c4       0x1c 
 .text._strtoul_l.isra.0
                0x00000000000067e0      0x1a4 C:/devkitPro/devkitA64/bin/../lib/gcc/aarch64-none-elf/15.2.0/../../../../aarch64-none-elf/lib/pic\libg.a(libc_a-strtoul.o)
 *fill*         0x0000000000006984       0x1c 
 .text.strtoul  0x00000000000069a0       0x40 C:/devkitPro/devkitA64/bin/../lib/gcc/aarch64-none-elf/15.2.0/../../../../aarch64-none-elf/lib/pic\libg.a(libc_a-strtoul.o)
                0x00000000000069a0                strtoul
 .text._memalign_r
                0x00000000000069e0      0x18c C:/devkitPro/devkitA64/bin/../lib/gcc/aarch64-none-elf/15.2.0/../../../../aarch64-none-elf/lib/pic\libg.a(libc_a-malignr.o)
                0x00000000000069e0                _memalign_r
 *fill*         0x0000000000006b6c       0x14 
 .text          0x0000000000006b80      0x130 C:/devkitPro/devkitA64/bin/../lib/gcc/aarch64-none-elf/15.2.0/../../../../aarch64-none-elf/lib/pic\libg.a(libc_a-strlen.o)
                0x0000000000006b80                strlen
 *fill*         0x0000000000006cb0       0x10 
 .text          0x0000000000006cc0      0x1b4 C:/devkitPro/devkitA64/bin/../lib/gcc/aarch64-none-elf/15.2.0/../../../../aarch64-none-elf/lib/pic\libg.a(libc_a-strncmp.o)
                0x0000000000006cc0                strncmp
 *fill*         0x0000000000006e74        0xc 
 .text._malloc_r
                0x0000000000006e80      0x840 C:/devkitPro/devkitA64/bin/../lib/gcc/aarch64-none-elf/15.2.0/../../../../aarch64-none-elf/lib/pic\libg.a(libc_a-mallocr.o)
                0x0000000000006e80                _malloc_r
 .text._malloc_trim_r
                0x00000000000076c0      0x11c C:/devkitPro/devkitA64/bin/../lib/gcc/aarch64-none-elf/15.2.0/../../../../aarch64-none-elf/lib/pic\libg.a(libc_a-freer.o)
                0x00000000000076c0                _malloc_trim_r
 *fill*         0x00000000000077dc        0x4 
 .text._free_r  0x00000000000077e0      0x2d8 C:/devkitPro/devkitA64/bin/../lib/gcc/aarch64-none-elf/15.2.0/../../../../aarch64-none-elf/lib/pic\libg.a(libc_a-freer.o)
                0x00000000000077e0                _free_r
 *fill*         0x0000000000007ab8        0x8 
 .text.__libc_init_array
                0x0000000000007ac0       0xa4 C:/devkitPro/devkitA64/bin/../lib/gcc/aarch64-none-elf/15.2.0/../../../../aarch64-none-elf/lib/pic\libg.a(libc_a-init.o)
                0x0000000000007ac0                __libc_init_array
 *fill*         0x0000000000007b64       0x1c 
 .text.strncpy  0x0000000000007b80       0xac C:/devkitPro/devkitA64/bin/../lib/gcc/aarch64-none-elf/15.2.0/../../../../aarch64-none-elf/lib/pic\libg.a(libc_a-strncpy.o)
                0x0000000000007b80                strncpy
 *fill*         0x0000000000007c2c       0x14 
 .text.malloc   0x0000000000007c40       0x38 C:/devkitPro/devkitA64/bin/../lib/gcc/aarch64-none-elf/15.2.0/../../../../aarch64-none-elf/lib/pic\libg.a(libc_a-malloc.o)
                0x0000000000007c40                malloc
 *fill*         0x0000000000007c78        0x8 
 .text.__malloc_lock
                0x0000000000007c80        0xc C:/devkitPro/devkitA64/bin/../lib/gcc/aarch64-none-elf/15.2.0/../../../../aarch64-none-elf/lib/pic\libg.a(libc_a-mlock.o)
                0x0000000000007c80                __malloc_lock
 *fill*         0x0000000000007c8c       0x14 
 .text.__malloc_unlock
                0x0000000000007ca0        0xc C:/devkitPro/devkitA64/bin/../lib/gcc/aarch64-none-elf/15.2.0/../../../../aarch64-none-elf/lib/pic\libg.a(libc_a-mlock.o)
                0x0000000000007ca0                __malloc_unlock
 *fill*         0x0000000000007cac       0x14 
 .text.__call_exitprocs
                0x0000000000007cc0        0x4 C:/devkitPro/devkitA64/bin/../lib/gcc/aarch64-none-elf/15.2.0/../../../../aarch64-none-elf/lib/pic\libg.a(libc_a-exit.o)
                0x0000000000007cc0                __call_exitprocs
 *fill*         0x0000000000007cc4       0x3c 
 .text          0x0000000000007d00      0x134 C:/devkitPro/devkitA64/bin/../lib/gcc/aarch64-none-elf/15.2.0/../../../../aarch64-none-elf/lib/pic\libg.a(libc_a-strcmp.o)
                0x0000000000007d00                strcmp
 *fill*         0x0000000000007e34        0xc 
 .text.__libc_fini_array
                0x0000000000007e40       0x44 C:/devkitPro/devkitA64/bin/../lib/gcc/aarch64-none-elf/15.2.0/../../../../aarch64-none-elf/lib/pic\libg.a(libc_a-fini.o)
                0x0000000000007e40                __libc_fini_array
 *fill*         0x0000000000007e84       0x1c 
 .text.gmtime_r
                0x0000000000007ea0      0x2a0 C:/devkitPro/devkitA64/bin/../lib/gcc/aarch64-none-elf/15.2.0/../../../../aarch64-none-elf/lib/pic\libg.a(libc_a-gmtime_r.o)
                0x0000000000007ea0                gmtime_r
 .text          0x0000000000008140       0xcc C:/devkitPro/devkitA64/bin/../lib/gcc/aarch64-none-elf/15.2.0/../../../../aarch64-none-elf/lib/pic\libg.a(libc_a-strchr.o)
                0x0000000000008140                strchr
 *fill*         0x000000000000820c       0x14 
 .text._exit    0x0000000000008220       0x20 C:/devkitPro/devkitA64/bin/../lib/gcc/aarch64-none-elf/15.2.0/../../../../aarch64-none-elf/lib/pic\libsysbase.a(libsysbase_libsysbase_a-_exit.o)
                0x0000000000008220                _exit
 .text.__getreent
                0x0000000000008240       0x20 C:/devkitPro/devkitA64/bin/../lib/gcc/aarch64-none-elf/15.2.0/../../../../aarch64-none-elf/lib/pic\libsysbase.a(libsysbase_libsysbase_a-getreent.o)
                0x0000000000008240                __getreent
 .text.null_write
                0x0000000000008260        0x8 C:/devkitPro/devkitA64/bin/../lib/gcc/aarch64-none-elf/15.2.0/../../../../aarch64-none-elf/lib/pic\libsysbase.a(libsysbase_libsysbase_a-iosupport.o)
 *fill*         0x0000000000008268       0x18 
 .text.setDefaultDevice
                0x0000000000008280       0x18 C:/devkitPro/devkitA64/bin/../lib/gcc/aarch64-none-elf/15.2.0/../../../../aarch64-none-elf/lib/pic\libsysbase.a(libsysbase_libsysbase_a-iosupport.o)
                0x0000000000008280                setDefaultDevice
 *fill*         0x0000000000008298        0x8 
 .text.FindDevice
                0x00000000000082a0       0xb8 C:/devkitPro/devkitA64/bin/../lib/gcc/aarch64-none-elf/15.2.0/../../../../aarch64-none-elf/lib/pic\libsysbase.a(libsysbase_libsysbase_a-iosupport.o)
                0x00000000000082a0                FindDevice
 *fill*         0x0000000000008358        0x8 
 .text.AddDevice
                0x0000000000008360       0xa4 C:/devkitPro/devkitA64/bin/../lib/gcc/aarch64-none-elf/15.2.0/../../../../aarch64-none-elf/lib/pic\libsysbase.a(libsysbase_libsysbase_a-iosupport.o)
                0x0000000000008360                AddDevice
 *fill*         0x0000000000008404       0x1c 
 .text.GetDeviceOpTab
                0x0000000000008420       0x34 C:/devkitPro/devkitA64/bin/../lib/gcc/aarch64-none-elf/15.2.0/../../../../aarch64-none-elf/lib/pic\libsysbase.a(libsysbase_libsysbase_a-iosupport.o)
                0x0000000000008420                GetDeviceOpTab
 *fill*         0x0000000000008454        0xc 
 .text._sbrk_r  0x0000000000008460       0x78 C:/devkitPro/devkitA64/bin/../lib/gcc/aarch64-none-elf/15.2.0/../../../../aarch64-none-elf/lib/pic\libsysbase.a(libsysbase_libsysbase_a-sbrk.o)
                0x0000000000008460                _sbrk_r
 *fill*         0x00000000000084d8        0x8 
 .text.__libc_lock_acquire_recursive
                0x00000000000084e0       0x14 C:/devkitPro/devkitA64/bin/../lib/gcc/aarch64-none-elf/15.2.0/../../../../aarch64-none-elf/lib/pic\libsysbase.a(libsysbase_libsysbase_a-syscall_support.o)
                0x00000000000084e0                __libc_lock_acquire_recursive
 *fill*         0x00000000000084f4        0xc 
 .text.__libc_lock_release_recursive
                0x0000000000008500       0x14 C:/devkitPro/devkitA64/bin/../lib/gcc/aarch64-none-elf/15.2.0/../../../../aarch64-none-elf/lib/pic\libsysbase.a(libsysbase_libsysbase_a-syscall_support.o)
                0x0000000000008500                __libc_lock_release_recursive
                0x0000000000008518                . = ALIGN (0x8)
 *fill*         0x0000000000008514        0x4 

.init           0x0000000000008518       0x38
 *(.init)
 .init          0x0000000000008518       0x18 C:/devkitPro/devkitA64/bin/../lib/gcc/aarch64-none-elf/15.2.0/pic/crti.o
                0x0000000000008518                _init
 .init          0x0000000000008530       0x1c C:/devkitPro/devkitA64/bin/../lib/gcc/aarch64-none-elf/15.2.0/pic/crtn.o
                0x0000000000008550                . = ALIGN (0x8)
 *fill*         0x000000000000854c        0x4 

.plt            0x0000000000008550        0x0
 *(.plt)
 .plt           0x0000000000008550        0x0 C:/devkitPro/devkitA64/bin/../lib/gcc/aarch64-none-elf/15.2.0/pic/crti.o
 *(.iplt)
                0x0000000000008550                . = ALIGN (0x8)

.fini           0x0000000000008550       0x38
 *(.fini)
 .fini          0x0000000000008550       0x18 C:/devkitPro/devkitA64/bin/../lib/gcc/aarch64-none-elf/15.2.0/pic/crti.o
                0x0000000000008550                _fini
 .fini          0x0000000000008568       0x1c C:/devkitPro/devkitA64/bin/../lib/gcc/aarch64-none-elf/15.2.0/pic/crtn.o
                0x0000000000008588                . = ALIGN (0x8)
 *fill*         0x0000000000008584        0x4 
                0x0000000000009000                . = ALIGN (0x1000)
                [!provide]                        PROVIDE (__rodata_start = .)

.nx-module-name
                0x0000000000009000       0x10
 *(.nx-module-name)
 .nx-module-name
                0x0000000000009000       0x10 C:/devkitPro/devkitA64/bin/../lib/gcc/aarch64-none-elf/15.2.0/pic/crti.o

.rela.dyn       0x0000000000009010        0x0
 *(.rela.*)
 .rela.got      0x0000000000009010        0x0 C:/devkitPro/devkitA64/bin/../lib/gcc/aarch64-none-elf/15.2.0/pic/crti.o
 .rela.plt      0x0000000000009010        0x0 C:/devkitPro/devkitA64/bin/../lib/gcc/aarch64-none-elf/15.2.0/pic/crti.o
 .rela.bss      0x0000000000009010        0x0 C:/devkitPro/devkitA64/bin/../lib/gcc/aarch64-none-elf/15.2.0/pic/crti.o
 .rela.data.rel.ro
                0x0000000000009010        0x0 C:/devkitPro/devkitA64/bin/../lib/gcc/aarch64-none-elf/15.2.0/pic/crti.o
 .rela.init_array
                0x0000000000009010        0x0 C:/devkitPro/devkitA64/bin/../lib/gcc/aarch64-none-elf/15.2.0/pic/crti.o
 .rela.fini_array
                0x0000000000009010        0x0 C:/devkitPro/devkitA64/bin/../lib/gcc/aarch64-none-elf/15.2.0/pic/crti.o
 .rela.ifunc    0x0000000000009010        0x0 C:/devkitPro/devkitA64/bin/../lib/gcc/aarch64-none-elf/15.2.0/pic/crti.o
 .rela.data.rel.ro.local.fsdev_devoptab
                0x0000000000009010        0x0 C:/devkitPro/devkitA64/bin/../lib/gcc/aarch64-none-elf/15.2.0/pic/crti.o
 .rela.data.rel._impure_ptr
                0x0000000000009010        0x0 C:/devkitPro/devkitA64/bin/../lib/gcc/aarch64-none-elf/15.2.0/pic/crti.o
 .rela.data.rel._impure_data
                0x0000000000009010        0x0 C:/devkitPro/devkitA64/bin/../lib/gcc/aarch64-none-elf/15.2.0/pic/crti.o
 .rela.data.rel.__malloc_av_
                0x0000000000009010        0x0 C:/devkitPro/devkitA64/bin/../lib/gcc/aarch64-none-elf/15.2.0/pic/crti.o
 .rela.data.rel.devoptab_list
                0x0000000000009010        0x0 C:/devkitPro/devkitA64/bin/../lib/gcc/aarch64-none-elf/15.2.0/pic/crti.o
 .rela.data.rel.ro.local.dotab_stdnull
                0x0000000000009010        0x0 C:/devkitPro/devkitA64/bin/../lib/gcc/aarch64-none-elf/15.2.0/pic/crti.o

.relr.dyn       0x0000000000009010       0x58
 *(.relr.*)
 .relr.dyn      0x0000000000009010       0x58 C:/devkitPro/devkitA64/bin/../lib/gcc/aarch64-none-elf/15.2.0/pic/crti.o

.hash           0x0000000000009068       0x18
 *(.hash)
 .hash          0x0000000000009068       0x18 C:/devkitPro/devkitA64/bin/../lib/gcc/aarch64-none-elf/15.2.0/pic/crti.o

.gnu.hash
 *(.gnu.hash)

.dynsym         0x0000000000009080       0x48
 *(.dynsym)
 .dynsym        0x0000000000009080       0x48 C:/devkitPro/devkitA64/bin/../lib/gcc/aarch64-none-elf/15.2.0/pic/crti.o

.dynstr         0x00000000000090c8        0x1
 *(.dynstr)
 .dynstr        0x00000000000090c8        0x1 C:/devkitPro/devkitA64/bin/../lib/gcc/aarch64-none-elf/15.2.0/pic/crti.o

.rodata         0x00000000000090d0      0x1a0
 *(.rodata .rodata.* .gnu.linkonce.r.*)
 .rodata.smInitialize.str1.8
                0x00000000000090d0       0x29 C:/devkitPro/libnx/lib\libnx.a(sm.o)
                                          0x4 (size before relaxing)
 .rodata.fsdev_fixpath.str1.8
                0x00000000000090f9        0x0 C:/devkitPro/libnx/lib\libnx.a(fs_dev.o)
                                          0x2 (size before relaxing)
 .rodata.fsdevMountDevice.str1.8
                0x00000000000090f9        0x0 C:/devkitPro/libnx/lib\libnx.a(fs_dev.o)
                                         0x10 (size before relaxing)
 .rodata.fsdevMountSdmc.str1.8
                0x00000000000090f9        0x0 C:/devkitPro/libnx/lib\libnx.a(fs_dev.o)
                                          0x5 (size before relaxing)
 *fill*         0x00000000000090f9        0x7 
 .rodata.error_table
                0x0000000000009100       0x20 C:/devkitPro/libnx/lib\libnx.a(fs_dev.o)
 .rodata.cst16  0x0000000000009120       0x30 C:/devkitPro/libnx/lib\libnx.a(fs_dev.o)
                                         0x20 (size before relaxing)
 .rodata.envSetup
                0x0000000000009150       0x11 C:/devkitPro/libnx/lib\libnx.a(env.o)
 .rodata.nxlinkSetup.str1.8
                0x0000000000009161        0x0 C:/devkitPro/libnx/lib\libnx.a(nxlink.o)
                                          0x9 (size before relaxing)
 .rodata.cst16  0x0000000000009161        0x0 C:/devkitPro/devkitA64/bin/../lib/gcc/aarch64-none-elf/15.2.0/../../../../aarch64-none-elf/lib/pic\libg.a(libc_a-mallocr.o)
                                         0x10 (size before relaxing)
 *fill*         0x0000000000009161        0x7 
 .rodata._ctype_
                0x0000000000009168      0x101 C:/devkitPro/devkitA64/bin/../lib/gcc/aarch64-none-elf/15.2.0/../../../../aarch64-none-elf/lib/pic\libg.a(libc_a-ctype_.o)
                0x0000000000009168                _ctype_
 .rodata.str1.8
                0x0000000000009269        0x0 C:/devkitPro/devkitA64/bin/../lib/gcc/aarch64-none-elf/15.2.0/../../../../aarch64-none-elf/lib/pic\libsysbase.a(libsysbase_libsysbase_a-iosupport.o)
                                          0x8 (size before relaxing)
                0x0000000000009270                . = ALIGN (0x8)
 *fill*         0x0000000000009269        0x7 

.tls.align      0x0000000000009270        0x8
                0x0000000000009270        0x8 QUAD 0x8 MAX (ALIGNOF (.tdata), ALIGNOF (.tbss))
                0x0000000000009270                PROVIDE (__tls_align = ADDR (.tls.align))

.gcc_except_table
 *(.gcc_except_table .gcc_except_table.*)

.eh_frame_hdr   0x0000000000009278        0x0
 *(.eh_frame_hdr)
 *(.eh_frame_entry .eh_frame_entry.*)

.eh_frame       0x0000000000009278     0x1944
 *(.eh_frame)
 .eh_frame      0x0000000000009278       0x48 C:/devkitPro/devkitA64/bin/../lib/gcc/aarch64-none-elf/15.2.0/pic/crtbegin.o
 .eh_frame      0x00000000000092c0       0x70 main.o
                                         0x88 (size before relaxing)
 .eh_frame      0x0000000000009330       0x68 C:/devkitPro/libnx/lib\libnx.a(fatal.o)
                                         0x90 (size before relaxing)
 .eh_frame      0x0000000000009398      0x470 C:/devkitPro/libnx/lib\libnx.a(fs.o)
                                       0x1680 (size before relaxing)
 .eh_frame      0x0000000000009808       0xd0 C:/devkitPro/libnx/lib\libnx.a(set.o)
                                       0x2b38 (size before relaxing)
 .eh_frame      0x00000000000098d8      0x128 C:/devkitPro/libnx/lib\libnx.a(sm.o)
                                        0x2c0 (size before relaxing)
 .eh_frame      0x0000000000009a00       0x18 C:/devkitPro/libnx/lib\libnx.a(diag.o)
                                         0x30 (size before relaxing)
 .eh_frame      0x0000000000009a18       0x28 C:/devkitPro/libnx/lib\libnx.a(hosversion.o)
                                         0x50 (size before relaxing)
 .eh_frame      0x0000000000009a40      0x608 C:/devkitPro/libnx/lib\libnx.a(fs_dev.o)
                                        0x9a0 (size before relaxing)
 .eh_frame      0x000000000000a048       0x18 C:/devkitPro/libnx/lib\libnx.a(decode_utf8.o)
                                         0x28 (size before relaxing)
 .eh_frame      0x000000000000a060      0x140 C:/devkitPro/libnx/lib\libnx.a(svc.o)
                                        0xa00 (size before relaxing)
 .eh_frame      0x000000000000a1a0       0x18 C:/devkitPro/libnx/lib\libnx.a(readtp.o)
                                         0x28 (size before relaxing)
 .eh_frame      0x000000000000a1b8        0x0 C:/devkitPro/libnx/lib\libnx.a(event.o)
                                         0xc0 (size before relaxing)
 .eh_frame      0x000000000000a1b8       0xa8 C:/devkitPro/libnx/lib\libnx.a(mutex.o)
                                         0xf8 (size before relaxing)
 .eh_frame      0x000000000000a260        0x0 C:/devkitPro/libnx/lib\libnx.a(wait.o)
                                         0xb0 (size before relaxing)
 .eh_frame      0x000000000000a260      0x100 C:/devkitPro/libnx/lib\libnx.a(sessionmgr.o)
                                        0x110 (size before relaxing)
 .eh_frame      0x000000000000a360       0x30 C:/devkitPro/libnx/lib\libnx.a(time.o)
                                        0x378 (size before relaxing)
 .eh_frame      0x000000000000a390       0x18 C:/devkitPro/libnx/lib\libnx.a(alloc.o)
                                         0x50 (size before relaxing)
 .eh_frame      0x000000000000a3a8       0x38 C:/devkitPro/libnx/lib\libnx.a(argv.o)
                                         0x48 (size before relaxing)
 .eh_frame      0x000000000000a3e0       0x38 C:/devkitPro/libnx/lib\libnx.a(dynamic.o)
                                         0x48 (size before relaxing)
 .eh_frame      0x000000000000a418       0xd0 C:/devkitPro/libnx/lib\libnx.a(env.o)
                                        0x210 (size before relaxing)
 .eh_frame      0x000000000000a4e8       0x38 C:/devkitPro/libnx/lib\libnx.a(init.o)
                                         0xb8 (size before relaxing)
 .eh_frame      0x000000000000a520       0x90 C:/devkitPro/libnx/lib\libnx.a(newlib.o)
                                        0x3f8 (size before relaxing)
 .eh_frame      0x000000000000a5b0       0x30 C:/devkitPro/libnx/lib\libnx.a(nxlink.o)
                                         0x40 (size before relaxing)
 .eh_frame      0x000000000000a5e0       0x28 C:/devkitPro/libnx/lib\libnx.a(exception.o)
                                         0x40 (size before relaxing)
 .eh_frame      0x000000000000a608       0x30 C:/devkitPro/libnx/lib\libnx.a(condvar.o)
                                         0x40 (size before relaxing)
 .eh_frame      0x000000000000a638        0x0 C:/devkitPro/libnx/lib\libnx.a(shmem.o)
                                         0xa0 (size before relaxing)
 .eh_frame      0x000000000000a638       0x28 C:/devkitPro/libnx/lib\libnx.a(thread.o)
                                        0x298 (size before relaxing)
 .eh_frame      0x000000000000a660       0x60 C:/devkitPro/libnx/lib\libnx.a(virtmem.o)
                                        0x218 (size before relaxing)
 .eh_frame      0x000000000000a6c0        0x0 C:/devkitPro/libnx/lib\libnx.a(applet.o)
                                       0x38d8 (size before relaxing)
 .eh_frame      0x000000000000a6c0        0x0 C:/devkitPro/libnx/lib\libnx.a(hid.o)
                                       0x1a50 (size before relaxing)
 .eh_frame      0x000000000000a6c0        0x0 C:/devkitPro/libnx/lib\libnx.a(random.o)
                                         0x70 (size before relaxing)
 .eh_frame      0x000000000000a6c0        0x0 C:/devkitPro/libnx/lib\libnx.a(tmem.o)
                                        0x128 (size before relaxing)
 .eh_frame      0x000000000000a6c0        0x0 C:/devkitPro/libnx/lib\libnx.a(apm.o)
                                        0x138 (size before relaxing)
 .eh_frame      0x000000000000a6c0       0x18 C:/devkitPro/devkitA64/bin/../lib/gcc/aarch64-none-elf/15.2.0/../../../../aarch64-none-elf/lib/pic\libg.a(libc_a-strncat.o)
                                         0x28 (size before relaxing)
 .eh_frame      0x000000000000a6d8       0x18 C:/devkitPro/devkitA64/bin/../lib/gcc/aarch64-none-elf/15.2.0/../../../../aarch64-none-elf/lib/pic\libg.a(libc_a-strnlen.o)
                                         0x28 (size before relaxing)
 .eh_frame      0x000000000000a6f0       0x68 C:/devkitPro/devkitA64/bin/../lib/gcc/aarch64-none-elf/15.2.0/../../../../aarch64-none-elf/lib/pic\libg.a(libc_a-bsearch.o)
                                         0x78 (size before relaxing)
 .eh_frame      0x000000000000a758       0x18 C:/devkitPro/devkitA64/bin/../lib/gcc/aarch64-none-elf/15.2.0/../../../../aarch64-none-elf/lib/pic\libg.a(libc_a-memcpy.o)
                                         0x28 (size before relaxing)
 .eh_frame      0x000000000000a770       0x28 C:/devkitPro/devkitA64/bin/../lib/gcc/aarch64-none-elf/15.2.0/../../../../aarch64-none-elf/lib/pic\libg.a(libc_a-gmtime.o)
                                         0x38 (size before relaxing)
 .eh_frame      0x000000000000a798       0x18 C:/devkitPro/devkitA64/bin/../lib/gcc/aarch64-none-elf/15.2.0/../../../../aarch64-none-elf/lib/pic\libg.a(libc_a-memset.o)
                                         0x28 (size before relaxing)
 .eh_frame      0x000000000000a7b0       0x38 C:/devkitPro/devkitA64/bin/../lib/gcc/aarch64-none-elf/15.2.0/../../../../aarch64-none-elf/lib/pic\libg.a(libc_a-strtoul.o)
                                         0x98 (size before relaxing)
 .eh_frame      0x000000000000a7e8        0x0 C:/devkitPro/devkitA64/bin/../lib/gcc/aarch64-none-elf/15.2.0/../../../../aarch64-none-elf/lib/pic\libg.a(libc_a-strcpy.o)
                                         0x28 (size before relaxing)
 .eh_frame      0x000000000000a7e8        0x0 C:/devkitPro/devkitA64/bin/../lib/gcc/aarch64-none-elf/15.2.0/../../../../aarch64-none-elf/lib/pic\libg.a(libc_a-aligned_alloc.o)
                                         0x38 (size before relaxing)
 .eh_frame      0x000000000000a7e8       0x48 C:/devkitPro/devkitA64/bin/../lib/gcc/aarch64-none-elf/15.2.0/../../../../aarch64-none-elf/lib/pic\libg.a(libc_a-malignr.o)
                                         0x60 (size before relaxing)
 .eh_frame      0x000000000000a830        0x0 C:/devkitPro/devkitA64/bin/../lib/gcc/aarch64-none-elf/15.2.0/../../../../aarch64-none-elf/lib/pic\libg.a(libc_a-errno.o)
                                         0x38 (size before relaxing)
 .eh_frame      0x000000000000a830       0x18 C:/devkitPro/devkitA64/bin/../lib/gcc/aarch64-none-elf/15.2.0/../../../../aarch64-none-elf/lib/pic\libg.a(libc_a-strlen.o)
                                         0x28 (size before relaxing)
 .eh_frame      0x000000000000a848       0x18 C:/devkitPro/devkitA64/bin/../lib/gcc/aarch64-none-elf/15.2.0/../../../../aarch64-none-elf/lib/pic\libg.a(libc_a-strncmp.o)
                                         0x28 (size before relaxing)
 .eh_frame      0x000000000000a860       0x50 C:/devkitPro/devkitA64/bin/../lib/gcc/aarch64-none-elf/15.2.0/../../../../aarch64-none-elf/lib/pic\libg.a(libc_a-mallocr.o)
                                         0x60 (size before relaxing)
 .eh_frame      0x000000000000a8b0       0x78 C:/devkitPro/devkitA64/bin/../lib/gcc/aarch64-none-elf/15.2.0/../../../../aarch64-none-elf/lib/pic\libg.a(libc_a-freer.o)
                                         0x90 (size before relaxing)
 .eh_frame      0x000000000000a928        0x0 C:/devkitPro/devkitA64/bin/../lib/gcc/aarch64-none-elf/15.2.0/../../../../aarch64-none-elf/lib/pic\libg.a(libc_a-findfp.o)
                                        0x188 (size before relaxing)
 .eh_frame      0x000000000000a928       0x28 C:/devkitPro/devkitA64/bin/../lib/gcc/aarch64-none-elf/15.2.0/../../../../aarch64-none-elf/lib/pic\libg.a(libc_a-init.o)
                                         0x40 (size before relaxing)
 .eh_frame      0x000000000000a950       0x18 C:/devkitPro/devkitA64/bin/../lib/gcc/aarch64-none-elf/15.2.0/../../../../aarch64-none-elf/lib/pic\libg.a(libc_a-strncpy.o)
                                         0x28 (size before relaxing)
 .eh_frame      0x000000000000a968       0x28 C:/devkitPro/devkitA64/bin/../lib/gcc/aarch64-none-elf/15.2.0/../../../../aarch64-none-elf/lib/pic\libg.a(libc_a-malloc.o)
                                         0x60 (size before relaxing)
 .eh_frame      0x000000000000a990        0x0 C:/devkitPro/devkitA64/bin/../lib/gcc/aarch64-none-elf/15.2.0/../../../../aarch64-none-elf/lib/pic\libg.a(libc_a-stdio.o)
                                         0xb8 (size before relaxing)
 .eh_frame      0x000000000000a990       0x28 C:/devkitPro/devkitA64/bin/../lib/gcc/aarch64-none-elf/15.2.0/../../../../aarch64-none-elf/lib/pic\libg.a(libc_a-mlock.o)
                                         0x40 (size before relaxing)
 .eh_frame      0x000000000000a9b8        0x0 C:/devkitPro/devkitA64/bin/../lib/gcc/aarch64-none-elf/15.2.0/../../../../aarch64-none-elf/lib/pic\libg.a(libc_a-fclose.o)
                                         0x78 (size before relaxing)
 .eh_frame      0x000000000000a9b8        0x0 C:/devkitPro/devkitA64/bin/../lib/gcc/aarch64-none-elf/15.2.0/../../../../aarch64-none-elf/lib/pic\libg.a(libc_a-setenv.o)
                                         0x58 (size before relaxing)
 .eh_frame      0x000000000000a9b8       0x30 C:/devkitPro/devkitA64/bin/../lib/gcc/aarch64-none-elf/15.2.0/../../../../aarch64-none-elf/lib/pic\libg.a(libc_a-exit.o)
                                         0x48 (size before relaxing)
 .eh_frame      0x000000000000a9e8       0x18 C:/devkitPro/devkitA64/bin/../lib/gcc/aarch64-none-elf/15.2.0/../../../../aarch64-none-elf/lib/pic\libg.a(libc_a-strcmp.o)
                                         0x28 (size before relaxing)
 .eh_frame      0x000000000000aa00       0x28 C:/devkitPro/devkitA64/bin/../lib/gcc/aarch64-none-elf/15.2.0/../../../../aarch64-none-elf/lib/pic\libg.a(libc_a-fini.o)
                                         0x38 (size before relaxing)
 .eh_frame      0x000000000000aa28       0x18 C:/devkitPro/devkitA64/bin/../lib/gcc/aarch64-none-elf/15.2.0/../../../../aarch64-none-elf/lib/pic\libg.a(libc_a-gmtime_r.o)
                                         0x28 (size before relaxing)
 .eh_frame      0x000000000000aa40        0x0 C:/devkitPro/devkitA64/bin/../lib/gcc/aarch64-none-elf/15.2.0/../../../../aarch64-none-elf/lib/pic\libg.a(libc_a-ctype_.o)
                                         0x28 (size before relaxing)
 .eh_frame      0x000000000000aa40        0x0 C:/devkitPro/devkitA64/bin/../lib/gcc/aarch64-none-elf/15.2.0/../../../../aarch64-none-elf/lib/pic\libg.a(libc_a-setenv_r.o)
                                         0xa8 (size before relaxing)
 .eh_frame      0x000000000000aa40        0x0 C:/devkitPro/devkitA64/bin/../lib/gcc/aarch64-none-elf/15.2.0/../../../../aarch64-none-elf/lib/pic\libg.a(libc_a-fwalk.o)
                                         0x50 (size before relaxing)
 .eh_frame      0x000000000000aa40        0x0 C:/devkitPro/devkitA64/bin/../lib/gcc/aarch64-none-elf/15.2.0/../../../../aarch64-none-elf/lib/pic\libg.a(libc_a-fflush.o)
                                         0x98 (size before relaxing)
 .eh_frame      0x000000000000aa40        0x0 C:/devkitPro/devkitA64/bin/../lib/gcc/aarch64-none-elf/15.2.0/../../../../aarch64-none-elf/lib/pic\libg.a(libc_a-getenv_r.o)
                                         0x78 (size before relaxing)
 .eh_frame      0x000000000000aa40        0x0 C:/devkitPro/devkitA64/bin/../lib/gcc/aarch64-none-elf/15.2.0/../../../../aarch64-none-elf/lib/pic\libg.a(libc_a-reallocr.o)
                                         0x68 (size before relaxing)
 .eh_frame      0x000000000000aa40       0x18 C:/devkitPro/devkitA64/bin/../lib/gcc/aarch64-none-elf/15.2.0/../../../../aarch64-none-elf/lib/pic\libg.a(libc_a-strchr.o)
                                         0x28 (size before relaxing)
 .eh_frame      0x000000000000aa58        0x0 C:/devkitPro/devkitA64/bin/../lib/gcc/aarch64-none-elf/15.2.0/../../../../aarch64-none-elf/lib/pic\libg.a(libc_a-envlock.o)
                                         0x40 (size before relaxing)
 .eh_frame      0x000000000000aa58       0x20 C:/devkitPro/devkitA64/bin/../lib/gcc/aarch64-none-elf/15.2.0/../../../../aarch64-none-elf/lib/pic\libsysbase.a(libsysbase_libsysbase_a-_exit.o)
                                         0x38 (size before relaxing)
 .eh_frame      0x000000000000aa78        0x0 C:/devkitPro/devkitA64/bin/../lib/gcc/aarch64-none-elf/15.2.0/../../../../aarch64-none-elf/lib/pic\libsysbase.a(libsysbase_libsysbase_a-chdir.o)
                                         0x78 (size before relaxing)
 .eh_frame      0x000000000000aa78        0x0 C:/devkitPro/devkitA64/bin/../lib/gcc/aarch64-none-elf/15.2.0/../../../../aarch64-none-elf/lib/pic\libsysbase.a(libsysbase_libsysbase_a-concatenate.o)
                                         0xa0 (size before relaxing)
 .eh_frame      0x000000000000aa78       0x18 C:/devkitPro/devkitA64/bin/../lib/gcc/aarch64-none-elf/15.2.0/../../../../aarch64-none-elf/lib/pic\libsysbase.a(libsysbase_libsysbase_a-getreent.o)
                                         0x28 (size before relaxing)
 .eh_frame      0x000000000000aa90        0x0 C:/devkitPro/devkitA64/bin/../lib/gcc/aarch64-none-elf/15.2.0/../../../../aarch64-none-elf/lib/pic\libsysbase.a(libsysbase_libsysbase_a-handle_manager.o)
                                        0x110 (size before relaxing)
 .eh_frame      0x000000000000aa90       0xe8 C:/devkitPro/devkitA64/bin/../lib/gcc/aarch64-none-elf/15.2.0/../../../../aarch64-none-elf/lib/pic\libsysbase.a(libsysbase_libsysbase_a-iosupport.o)
                                        0x118 (size before relaxing)
 .eh_frame      0x000000000000ab78        0x0 C:/devkitPro/devkitA64/bin/../lib/gcc/aarch64-none-elf/15.2.0/../../../../aarch64-none-elf/lib/pic\libsysbase.a(libsysbase_libsysbase_a-lseek.o)
                                         0x50 (size before relaxing)
 .eh_frame      0x000000000000ab78        0x0 C:/devkitPro/devkitA64/bin/../lib/gcc/aarch64-none-elf/15.2.0/../../../../aarch64-none-elf/lib/pic\libsysbase.a(libsysbase_libsysbase_a-read.o)
                                         0x48 (size before relaxing)
 .eh_frame      0x000000000000ab78       0x18 C:/devkitPro/devkitA64/bin/../lib/gcc/aarch64-none-elf/15.2.0/../../../../aarch64-none-elf/lib/pic\libsysbase.a(libsysbase_libsysbase_a-sbrk.o)
                                         0x28 (size before relaxing)
 .eh_frame      0x000000000000ab90       0x28 C:/devkitPro/devkitA64/bin/../lib/gcc/aarch64-none-elf/15.2.0/../../../../aarch64-none-elf/lib/pic\libsysbase.a(libsysbase_libsysbase_a-syscall_support.o)
                                        0x118 (size before relaxing)
 .eh_frame      0x000000000000abb8        0x0 C:/devkitPro/devkitA64/bin/../lib/gcc/aarch64-none-elf/15.2.0/../../../../aarch64-none-elf/lib/pic\libsysbase.a(libsysbase_libsysbase_a-write.o)
                                         0x48 (size before relaxing)
 .eh_frame      0x000000000000abb8        0x0 C:/devkitPro/devkitA64/bin/../lib/gcc/aarch64-none-elf/15.2.0/../../../../aarch64-none-elf/lib/pic\libsysbase.a(libsysbase_libsysbase_a-clocks.o)
                                         0x78 (size before relaxing)
 .eh_frame      0x000000000000abb8        0x0 C:/devkitPro/devkitA64/bin/../lib/gcc/aarch64-none-elf/15.2.0/../../../../aarch64-none-elf/lib/pic\libg.a(libc_a-strrchr.o)
                                         0x28 (size before relaxing)
 .eh_frame      0x000000000000abb8        0x4 C:/devkitPro/devkitA64/bin/../lib/gcc/aarch64-none-elf/15.2.0/pic/crtend.o
 *(.eh_frame.*)

.gnu_extab
 *(.gnu_extab*)

.exception_ranges
 *(.exception_ranges .exception_ranges*)
                0x0000000000009278                PROVIDE (__eh_frame_hdr_start = ADDR (.eh_frame_hdr))
                0x0000000000009278                PROVIDE (__eh_frame_hdr_end = (ADDR (.eh_frame_hdr) + SIZEOF (.eh_frame_hdr)))

.gnu.version    0x000000000000abbc        0x0
 *(.gnu.version)
 .gnu.version   0x000000000000abbc        0x0 C:/devkitPro/devkitA64/bin/../lib/gcc/aarch64-none-elf/15.2.0/pic/crti.o

.gnu.version_d  0x000000000000abc0        0x0
 *(.gnu.version_d)
 .gnu.version_d
                0x000000000000abc0        0x0 C:/devkitPro/devkitA64/bin/../lib/gcc/aarch64-none-elf/15.2.0/pic/crti.o

.gnu.version_r  0x000000000000abc0        0x0
 *(.gnu.version_r)
 .gnu.version_r
                0x000000000000abc0        0x0 C:/devkitPro/devkitA64/bin/../lib/gcc/aarch64-none-elf/15.2.0/pic/crti.o

.note.gnu.build-id
                0x000000000000abbc       0x24
 *(.note.gnu.build-id)
 .note.gnu.build-id
                0x000000000000abbc       0x24 C:/devkitPro/devkitA64/bin/../lib/gcc/aarch64-none-elf/15.2.0/pic/crti.o
                0x000000000000b000                . = ALIGN (0x1000)
                0x000000000000b000                PROVIDE (__relro_start = .)

.preinit_array  0x000000000000b000        0x0
                0x000000000000b000                PROVIDE (__preinit_array_start = .)
 *(.preinit_array)
                0x000000000000b000                PROVIDE (__preinit_array_end = .)

.init_array     0x000000000000b000        0x8
                0x000000000000b000                PROVIDE (__init_array_start = .)
 *(SORT_BY_INIT_PRIORITY(.init_array.*) SORT_BY_INIT_PRIORITY(.ctors.*))
 *(.init_array .ctors)
 .init_array    0x000000000000b000        0x8 C:/devkitPro/devkitA64/bin/../lib/gcc/aarch64-none-elf/15.2.0/pic/crtbegin.o
                0x000000000000b008                PROVIDE (__init_array_end = .)

.fini_array     0x000000000000b008        0x8
                0x000000000000b008                PROVIDE (__fini_array_start = .)
 *(SORT_BY_INIT_PRIORITY(.fini_array.*) SORT_BY_INIT_PRIORITY(.dtors.*))
 *(.fini_array .dtors)
 .fini_array    0x000000000000b008        0x8 C:/devkitPro/devkitA64/bin/../lib/gcc/aarch64-none-elf/15.2.0/pic/crtbegin.o
                0x000000000000b010                PROVIDE (__fini_array_end = .)

.data.rel.ro    0x000000000000b010      0x200
 *(.data.rel.ro.local* .gnu.linkonce.d.rel.ro.local.*)
 .data.rel.ro.local.fsdev_devoptab
                0x000000000000b010      0x100 C:/devkitPro/libnx/lib\libnx.a(fs_dev.o)
 .data.rel.ro.local.dotab_stdnull
                0x000000000000b110      0x100 C:/devkitPro/devkitA64/bin/../lib/gcc/aarch64-none-elf/15.2.0/../../../../aarch64-none-elf/lib/pic\libsysbase.a(libsysbase_libsysbase_a-iosupport.o)
                0x000000000000b110                dotab_stdnull
 *(.data.rel.ro .data.rel.ro.* .gnu.linkonce.d.rel.ro.*)
 .data.rel.ro   0x000000000000b210        0x0 C:/devkitPro/devkitA64/bin/../lib/gcc/aarch64-none-elf/15.2.0/pic/crti.o
                0x000000000000b210                . = ALIGN (0x8)

.dynamic        0x000000000000b210      0x150
 *(.dynamic)
 .dynamic       0x000000000000b210      0x150 C:/devkitPro/devkitA64/bin/../lib/gcc/aarch64-none-elf/15.2.0/pic/crti.o
                0x000000000000b210                _DYNAMIC

.got            0x000000000000b360      0x158
 *(.got)
 .got           0x000000000000b360      0x158 C:/devkitPro/devkitA64/bin/../lib/gcc/aarch64-none-elf/15.2.0/pic/crti.o
                0x000000000000b360                _GLOBAL_OFFSET_TABLE_
 *(.igot)

.got.plt        0x000000000000b4b8       0x18
 *(.got.plt)
 .got.plt       0x000000000000b4b8       0x18 C:/devkitPro/devkitA64/bin/../lib/gcc/aarch64-none-elf/15.2.0/pic/crti.o
 *(.igot.plt)
                0x000000000000b360                PROVIDE (__got_start__ = ADDR (.got))
                0x000000000000b4d0                PROVIDE (__got_end__ = (ADDR (.got.plt) + SIZEOF (.got.plt)))
                0x000000000000c000                . = ALIGN (0x1000)
                0x000000000000c000                PROVIDE (__data_start = .)

.data           0x000000000000c000      0xba8
 *(.data .data.* .gnu.linkonce.d.*)
 .data          0x000000000000c000       0x10 main.o
                0x000000000000c000                nx_inner_heap_size
                0x000000000000c008                __nx_fs_num_sessions
                0x000000000000c00c                __nx_applet_type
 .data.__nx_fsdev_support_cwd
                0x000000000000c010        0x1 C:/devkitPro/libnx/lib\libnx.a(fs_dev.o)
                0x000000000000c010                __nx_fsdev_support_cwd
 *fill*         0x000000000000c011        0x3 
 .data.__nx_fsdev_direntry_cache_size
                0x000000000000c014        0x4 C:/devkitPro/libnx/lib\libnx.a(fs_dev.o)
                0x000000000000c014                __nx_fsdev_direntry_cache_size
 .data.__nx_exception_stack_size
                0x000000000000c018        0x8 C:/devkitPro/libnx/lib\libnx.a(init.o)
                0x000000000000c018                __nx_exception_stack_size
 .data.rel._impure_ptr
                0x000000000000c020        0x8 C:/devkitPro/devkitA64/bin/../lib/gcc/aarch64-none-elf/15.2.0/../../../../aarch64-none-elf/lib/pic\libg.a(libc_a-impure.o)
                0x000000000000c020                _impure_ptr
 .data.rel._impure_data
                0x000000000000c028      0x240 C:/devkitPro/devkitA64/bin/../lib/gcc/aarch64-none-elf/15.2.0/../../../../aarch64-none-elf/lib/pic\libg.a(libc_a-impure.o)
                0x000000000000c028                _impure_data
 .data.__malloc_sbrk_base
                0x000000000000c268        0x8 C:/devkitPro/devkitA64/bin/../lib/gcc/aarch64-none-elf/15.2.0/../../../../aarch64-none-elf/lib/pic\libg.a(libc_a-mallocr.o)
                0x000000000000c268                __malloc_sbrk_base
 .data.__malloc_trim_threshold
                0x000000000000c270        0x8 C:/devkitPro/devkitA64/bin/../lib/gcc/aarch64-none-elf/15.2.0/../../../../aarch64-none-elf/lib/pic\libg.a(libc_a-mallocr.o)
                0x000000000000c270                __malloc_trim_threshold
 .data.rel.__malloc_av_
                0x000000000000c278      0x810 C:/devkitPro/devkitA64/bin/../lib/gcc/aarch64-none-elf/15.2.0/../../../../aarch64-none-elf/lib/pic\libg.a(libc_a-mallocr.o)
                0x000000000000c278                __malloc_av_
 .data.rel.devoptab_list
                0x000000000000ca88      0x118 C:/devkitPro/devkitA64/bin/../lib/gcc/aarch64-none-elf/15.2.0/../../../../aarch64-none-elf/lib/pic\libsysbase.a(libsysbase_libsysbase_a-iosupport.o)
                0x000000000000ca88                devoptab_list
 .data.defaultDevice
                0x000000000000cba0        0x4 C:/devkitPro/devkitA64/bin/../lib/gcc/aarch64-none-elf/15.2.0/../../../../aarch64-none-elf/lib/pic\libsysbase.a(libsysbase_libsysbase_a-iosupport.o)
                0x000000000000cba8                . = ALIGN (0x8)
 *fill*         0x000000000000cba4        0x4 

.tdata          0x000000000000cba8        0x0
 *(.tdata .tdata.* .gnu.linkonce.td.*)
                0x000000000000cba8                . = ALIGN (0x8)
                0x000000000000cba8                PROVIDE (__tdata_lma = ADDR (.tdata))
                0x000000000000cba8                PROVIDE (__tdata_lma_end = (ADDR (.tdata) + SIZEOF (.tdata)))

.tbss           0x000000000000cba8      0x410
 *(.tbss .tbss.* .gnu.linkonce.tb.*)
 .tbss.g_fsPriority
                0x000000000000cba8        0x4 C:/devkitPro/libnx/lib\libnx.a(fs.o)
 .tbss.fsdev_last_result
                0x000000000000cbac        0x4 C:/devkitPro/libnx/lib\libnx.a(fs_dev.o)
 .tbss.__nx_dev_path_buf
                0x000000000000cbb0      0x401 C:/devkitPro/libnx/lib\libnx.a(path_buf.o)
                0x000000000000cbb0                __nx_dev_path_buf
 *(.tcommon)
                0x000000000000cfb8                . = ALIGN (0x8)
 *fill*         0x000000000000cfb1        0x7 

.bss            0x000000000000cbb0    0x835f8
 *(.dynbss)
 .dynbss        0x000000000000cbb0        0x0 C:/devkitPro/devkitA64/bin/../lib/gcc/aarch64-none-elf/15.2.0/pic/crti.o
 *(.bss .bss.* .gnu.linkonce.b.*)
 .bss.completed.1
                0x000000000000cbb0        0x1 C:/devkitPro/devkitA64/bin/../lib/gcc/aarch64-none-elf/15.2.0/pic/crtbegin.o
 *fill*         0x000000000000cbb1        0x7 
 .bss.object.0  0x000000000000cbb8       0x30 C:/devkitPro/devkitA64/bin/../lib/gcc/aarch64-none-elf/15.2.0/pic/crtbegin.o
 *fill*         0x000000000000cbe8        0x8 
 .bss           0x000000000000cbf0    0x80000 main.o
                0x000000000000cbf0                nx_inner_heap
 .bss.g_fsGuard
                0x000000000008cbf0        0x8 C:/devkitPro/libnx/lib\libnx.a(fs.o)
 *fill*         0x000000000008cbf8        0x8 
 .bss.g_fsSessionMgr
                0x000000000008cc00       0x54 C:/devkitPro/libnx/lib\libnx.a(fs.o)
 *fill*         0x000000000008cc54        0x4 
 .bss.g_fsSrv   0x000000000008cc58       0x10 C:/devkitPro/libnx/lib\libnx.a(fs.o)
 .bss.g_setsysGuard
                0x000000000008cc68        0x8 C:/devkitPro/libnx/lib\libnx.a(set.o)
 .bss.g_setsysSrv
                0x000000000008cc70       0x10 C:/devkitPro/libnx/lib\libnx.a(set.o)
 .bss.g_smGuard
                0x000000000008cc80        0x8 C:/devkitPro/libnx/lib\libnx.a(sm.o)
 .bss.g_smOverridesNum
                0x000000000008cc88        0x8 C:/devkitPro/libnx/lib\libnx.a(sm.o)
 .bss.g_smOverrides
                0x000000000008cc90      0x180 C:/devkitPro/libnx/lib\libnx.a(sm.o)
 .bss.g_smSrv   0x000000000008ce10       0x10 C:/devkitPro/libnx/lib\libnx.a(sm.o)
 .bss.g_hosVersion
                0x000000000008ce20        0x4 C:/devkitPro/libnx/lib\libnx.a(hosversion.o)
 *fill*         0x000000000008ce24        0xc 
 .bss.fsdev_fsdevices
                0x000000000008ce30     0x2800 C:/devkitPro/libnx/lib\libnx.a(fs_dev.o)
 .bss.fsdev_fsdevice_cwd
                0x000000000008f630        0x4 C:/devkitPro/libnx/lib\libnx.a(fs_dev.o)
 .bss.fsdev_initialised
                0x000000000008f634        0x1 C:/devkitPro/libnx/lib\libnx.a(fs_dev.o)
 *fill*         0x000000000008f635        0x3 
 .bss.__stack_top
                0x000000000008f638        0x8 C:/devkitPro/libnx/lib\libnx.a(switch_crt0.o)
                0x000000000008f638                __stack_top
 .bss.g_timeTimeZoneService
                0x000000000008f640       0x10 C:/devkitPro/libnx/lib\libnx.a(time.o)
 .bss.g_argv_empty
                0x000000000008f650        0x8 C:/devkitPro/libnx/lib\libnx.a(argv.o)
 .bss.__system_argv
                0x000000000008f658        0x8 C:/devkitPro/libnx/lib\libnx.a(argv.o)
                0x000000000008f658                __system_argv
 .bss.__system_argc
                0x000000000008f660        0x4 C:/devkitPro/libnx/lib\libnx.a(argv.o)
                0x000000000008f660                __system_argc
 *fill*         0x000000000008f664        0x4 
 .bss.g_userIdStorage
                0x000000000008f668        0x8 C:/devkitPro/libnx/lib\libnx.a(env.o)
 .bss.g_randomSeed
                0x000000000008f670       0x10 C:/devkitPro/libnx/lib\libnx.a(env.o)
 .bss.g_hasRandomSeed
                0x000000000008f680        0x1 C:/devkitPro/libnx/lib\libnx.a(env.o)
 *fill*         0x000000000008f681        0x3 
 .bss.g_lastLoadResult
                0x000000000008f684        0x4 C:/devkitPro/libnx/lib\libnx.a(env.o)
 .bss.g_nextLoadArgv
                0x000000000008f688        0x8 C:/devkitPro/libnx/lib\libnx.a(env.o)
 .bss.g_nextLoadPath
                0x000000000008f690        0x8 C:/devkitPro/libnx/lib\libnx.a(env.o)
 .bss.g_processHandle
                0x000000000008f698        0x4 C:/devkitPro/libnx/lib\libnx.a(env.o)
 *fill*         0x000000000008f69c        0x4 
 .bss.g_syscallHints
                0x000000000008f6a0       0x18 C:/devkitPro/libnx/lib\libnx.a(env.o)
 .bss.g_overrideArgv
                0x000000000008f6b8        0x8 C:/devkitPro/libnx/lib\libnx.a(env.o)
 .bss.g_overrideHeapSize
                0x000000000008f6c0        0x8 C:/devkitPro/libnx/lib\libnx.a(env.o)
 .bss.g_overrideHeapAddr
                0x000000000008f6c8        0x8 C:/devkitPro/libnx/lib\libnx.a(env.o)
 .bss.g_loaderRetAddr
                0x000000000008f6d0        0x8 C:/devkitPro/libnx/lib\libnx.a(env.o)
 .bss.g_mainThreadHandle
                0x000000000008f6d8        0x4 C:/devkitPro/libnx/lib\libnx.a(env.o)
 *fill*         0x000000000008f6dc        0x4 
 .bss.g_loaderInfoSize
                0x000000000008f6e0        0x8 C:/devkitPro/libnx/lib\libnx.a(env.o)
 .bss.g_loaderInfo
                0x000000000008f6e8        0x8 C:/devkitPro/libnx/lib\libnx.a(env.o)
 .bss.g_isNso   0x000000000008f6f0        0x1 C:/devkitPro/libnx/lib\libnx.a(env.o)
 *fill*         0x000000000008f6f1        0xf 
 .bss.__nx_exceptiondump
                0x000000000008f700      0x340 C:/devkitPro/libnx/lib\libnx.a(init.o)
                0x000000000008f700                __nx_exceptiondump
 .bss.__nx_exception_ignoredebug
                0x000000000008fa40        0x4 C:/devkitPro/libnx/lib\libnx.a(init.o)
                0x000000000008fa40                __nx_exception_ignoredebug
 *fill*         0x000000000008fa44        0xc 
 .bss.__nx_exception_stack
                0x000000000008fa50      0x400 C:/devkitPro/libnx/lib\libnx.a(init.o)
                0x000000000008fa50                __nx_exception_stack
 .bss.__nxlink_host
                0x000000000008fe50        0x4 C:/devkitPro/libnx/lib\libnx.a(nxlink.o)
                0x000000000008fe50                __nxlink_host
 *fill*         0x000000000008fe54        0xc 
 .bss.g_mainThread
                0x000000000008fe60       0x38 C:/devkitPro/libnx/lib\libnx.a(thread.o)
 .bss.g_threadList
                0x000000000008fe98        0x8 C:/devkitPro/libnx/lib\libnx.a(thread.o)
 .bss.g_threadMutex
                0x000000000008fea0        0x4 C:/devkitPro/libnx/lib\libnx.a(thread.o)
 .bss.g_IsLegacyKernel
                0x000000000008fea4        0x1 C:/devkitPro/libnx/lib\libnx.a(virtmem.o)
 *fill*         0x000000000008fea5        0xb 
 .bss.g_StackRegion
                0x000000000008feb0       0x10 C:/devkitPro/libnx/lib\libnx.a(virtmem.o)
 .bss.g_AslrRegion
                0x000000000008fec0       0x10 C:/devkitPro/libnx/lib\libnx.a(virtmem.o)
 .bss.g_HeapRegion
                0x000000000008fed0       0x10 C:/devkitPro/libnx/lib\libnx.a(virtmem.o)
 .bss.g_AliasRegion
                0x000000000008fee0       0x10 C:/devkitPro/libnx/lib\libnx.a(virtmem.o)
 .bss.__malloc_current_mallinfo
                0x000000000008fef0       0x50 C:/devkitPro/devkitA64/bin/../lib/gcc/aarch64-none-elf/15.2.0/../../../../aarch64-none-elf/lib/pic\libg.a(libc_a-mallocr.o)
                0x000000000008fef0                __malloc_current_mallinfo
 .bss.__malloc_max_total_mem
                0x000000000008ff40        0x8 C:/devkitPro/devkitA64/bin/../lib/gcc/aarch64-none-elf/15.2.0/../../../../aarch64-none-elf/lib/pic\libg.a(libc_a-mallocr.o)
                0x000000000008ff40                __malloc_max_total_mem
 .bss.__malloc_max_sbrked_mem
                0x000000000008ff48        0x8 C:/devkitPro/devkitA64/bin/../lib/gcc/aarch64-none-elf/15.2.0/../../../../aarch64-none-elf/lib/pic\libg.a(libc_a-mallocr.o)
                0x000000000008ff48                __malloc_max_sbrked_mem
 .bss.__malloc_top_pad
                0x000000000008ff50        0x8 C:/devkitPro/devkitA64/bin/../lib/gcc/aarch64-none-elf/15.2.0/../../../../aarch64-none-elf/lib/pic\libg.a(libc_a-mallocr.o)
                0x000000000008ff50                __malloc_top_pad
 .bss.__sf      0x000000000008ff58      0x228 C:/devkitPro/devkitA64/bin/../lib/gcc/aarch64-none-elf/15.2.0/../../../../aarch64-none-elf/lib/pic\libg.a(libc_a-findfp.o)
                0x000000000008ff58                __sf
 .bss.__stdio_exit_handler
                0x0000000000090180        0x8 C:/devkitPro/devkitA64/bin/../lib/gcc/aarch64-none-elf/15.2.0/../../../../aarch64-none-elf/lib/pic\libg.a(libc_a-findfp.o)
                0x0000000000090180                __stdio_exit_handler
 .bss.__malloc_recursive_mutex
                0x0000000000090188        0x8 C:/devkitPro/devkitA64/bin/../lib/gcc/aarch64-none-elf/15.2.0/../../../../aarch64-none-elf/lib/pic\libg.a(libc_a-mlock.o)
 .bss.fake_heap_start
                0x0000000000090190        0x8 C:/devkitPro/devkitA64/bin/../lib/gcc/aarch64-none-elf/15.2.0/../../../../aarch64-none-elf/lib/pic\libsysbase.a(libsysbase_libsysbase_a-malloc_vars.o)
                0x0000000000090190                fake_heap_start
 .bss.fake_heap_end
                0x0000000000090198        0x8 C:/devkitPro/devkitA64/bin/../lib/gcc/aarch64-none-elf/15.2.0/../../../../aarch64-none-elf/lib/pic\libsysbase.a(libsysbase_libsysbase_a-malloc_vars.o)
                0x0000000000090198                fake_heap_end
 .bss.heap_start.0
                0x00000000000901a0        0x8 C:/devkitPro/devkitA64/bin/../lib/gcc/aarch64-none-elf/15.2.0/../../../../aarch64-none-elf/lib/pic\libsysbase.a(libsysbase_libsysbase_a-sbrk.o)
 *(COMMON)
                0x00000000000901a8                . = ALIGN (0x8)

.main.tls       0x00000000000901a8      0x410
                0x00000000000901a8                . = (. + SIZEOF (.tdata))
                0x00000000000901a8                . = ALIGN (ALIGNOF (.tbss))
                0x00000000000905b8                . = (. + SIZEOF (.tbss))
 *fill*         0x00000000000901a8      0x410 
                0x00000000000901a8                PROVIDE (__tls_start = ADDR (.main.tls))
                0x00000000000905b8                PROVIDE (__tls_end = (ADDR (.main.tls) + SIZEOF (.main.tls)))
                0x000000000000cbb0                PROVIDE (__bss_start__ = ADDR (.bss))
                0x00000000000905b8                PROVIDE (__bss_end__ = __tls_end)
                0x00000000000905b8                PROVIDE (__end__ = .)
                0x0000000000091000                . = ALIGN (0x1000)
                0x0000000000091000                PROVIDE (__argdata__ = .)

/DISCARD/
 *(.group .comment .note)

.stab
 *(.stab)

.stabstr
 *(.stabstr)

.stab.excl
 *(.stab.excl)

.stab.exclstr
 *(.stab.exclstr)

.stab.index
 *(.stab.index)

.stab.indexstr
 *(.stab.indexstr)

.debug
 *(.debug)

.line
 *(.line)

.debug_srcinfo
 *(.debug_srcinfo)

.debug_sfnames
 *(.debug_sfnames)

.debug_aranges  0x0000000000000000     0x5640
 *(.debug_aranges)
 .debug_aranges
                0x0000000000000000       0x60 main.o
 .debug_aranges
                0x0000000000000060       0x60 C:/devkitPro/libnx/lib\libnx.a(fatal.o)
 .debug_aranges
                0x00000000000000c0      0x8b0 C:/devkitPro/libnx/lib\libnx.a(fs.o)
 .debug_aranges
                0x0000000000000970     0x1150 C:/devkitPro/libnx/lib\libnx.a(set.o)
 .debug_aranges
                0x0000000000001ac0      0x150 C:/devkitPro/libnx/lib\libnx.a(sm.o)
 .debug_aranges
                0x0000000000001c10       0x30 C:/devkitPro/libnx/lib\libnx.a(diag.o)
 .debug_aranges
                0x0000000000001c40       0x50 C:/devkitPro/libnx/lib\libnx.a(hosversion.o)
 .debug_aranges
                0x0000000000001c90      0x350 C:/devkitPro/libnx/lib\libnx.a(fs_dev.o)
 .debug_aranges
                0x0000000000001fe0       0x20 C:/devkitPro/libnx/lib\libnx.a(path_buf.o)
 .debug_aranges
                0x0000000000002000       0x30 C:/devkitPro/libnx/lib\libnx.a(decode_utf8.o)
 .debug_aranges
                0x0000000000002030      0x810 C:/devkitPro/libnx/lib\libnx.a(svc.o)
 .debug_aranges
                0x0000000000002840       0x30 C:/devkitPro/libnx/lib\libnx.a(readtp.o)
 .debug_aranges
                0x0000000000002870       0x30 C:/devkitPro/libnx/lib\libnx.a(switch_crt0.o)
 .debug_aranges
                0x00000000000028a0       0x80 C:/devkitPro/libnx/lib\libnx.a(event.o)
 .debug_aranges
                0x0000000000002920       0x90 C:/devkitPro/libnx/lib\libnx.a(mutex.o)
 .debug_aranges
                0x00000000000029b0       0x40 C:/devkitPro/libnx/lib\libnx.a(wait.o)
 .debug_aranges
                0x00000000000029f0       0x60 C:/devkitPro/libnx/lib\libnx.a(sessionmgr.o)
 .debug_aranges
                0x0000000000002a50      0x190 C:/devkitPro/libnx/lib\libnx.a(time.o)
 .debug_aranges
                0x0000000000002be0       0x50 C:/devkitPro/libnx/lib\libnx.a(alloc.o)
 .debug_aranges
                0x0000000000002c30       0x30 C:/devkitPro/libnx/lib\libnx.a(argv.o)
 .debug_aranges
                0x0000000000002c60       0x30 C:/devkitPro/libnx/lib\libnx.a(dynamic.o)
 .debug_aranges
                0x0000000000002c90      0x160 C:/devkitPro/libnx/lib\libnx.a(env.o)
 .debug_aranges
                0x0000000000002df0       0x70 C:/devkitPro/libnx/lib\libnx.a(init.o)
 .debug_aranges
                0x0000000000002e60      0x1f0 C:/devkitPro/libnx/lib\libnx.a(newlib.o)
 .debug_aranges
                0x0000000000003050       0x30 C:/devkitPro/libnx/lib\libnx.a(nxlink.o)
 .debug_aranges
                0x0000000000003080       0x40 C:/devkitPro/libnx/lib\libnx.a(exception.o)
 .debug_aranges
                0x00000000000030c0       0x30 C:/devkitPro/libnx/lib\libnx.a(condvar.o)
 .debug_aranges
                0x00000000000030f0       0x70 C:/devkitPro/libnx/lib\libnx.a(shmem.o)
 .debug_aranges
                0x0000000000003160      0x120 C:/devkitPro/libnx/lib\libnx.a(thread.o)
 .debug_aranges
                0x0000000000003280       0xd0 C:/devkitPro/libnx/lib\libnx.a(virtmem.o)
 .debug_aranges
                0x0000000000003350     0x1780 C:/devkitPro/libnx/lib\libnx.a(applet.o)
 .debug_aranges
                0x0000000000004ad0      0x9f0 C:/devkitPro/libnx/lib\libnx.a(hid.o)
 .debug_aranges
                0x00000000000054c0       0x40 C:/devkitPro/libnx/lib\libnx.a(random.o)
 .debug_aranges
                0x0000000000005500       0xa0 C:/devkitPro/libnx/lib\libnx.a(tmem.o)
 .debug_aranges
                0x00000000000055a0       0xa0 C:/devkitPro/libnx/lib\libnx.a(apm.o)

.debug_pubnames
 *(.debug_pubnames)

.debug_info     0x0000000000000000    0xd1512
 *(.debug_info)
 .debug_info    0x0000000000000000      0xbe1 main.o
 .debug_info    0x0000000000000be1     0x265b C:/devkitPro/libnx/lib\libnx.a(fatal.o)
 .debug_info    0x000000000000323c    0x25435 C:/devkitPro/libnx/lib\libnx.a(fs.o)
 .debug_info    0x0000000000028671    0x341c1 C:/devkitPro/libnx/lib\libnx.a(set.o)
 .debug_info    0x000000000005c832     0x485d C:/devkitPro/libnx/lib\libnx.a(sm.o)
 .debug_info    0x000000000006108f      0x197 C:/devkitPro/libnx/lib\libnx.a(diag.o)
 .debug_info    0x0000000000061226      0x133 C:/devkitPro/libnx/lib\libnx.a(hosversion.o)
 .debug_info    0x0000000000061359     0x595a C:/devkitPro/libnx/lib\libnx.a(fs_dev.o)
 .debug_info    0x0000000000066cb3       0x96 C:/devkitPro/libnx/lib\libnx.a(path_buf.o)
 .debug_info    0x0000000000066d49      0x177 C:/devkitPro/libnx/lib\libnx.a(decode_utf8.o)
 .debug_info    0x0000000000066ec0       0x23 C:/devkitPro/libnx/lib\libnx.a(svc.o)
 .debug_info    0x0000000000066ee3       0x28 C:/devkitPro/libnx/lib\libnx.a(readtp.o)
 .debug_info    0x0000000000066f0b       0x29 C:/devkitPro/libnx/lib\libnx.a(switch_crt0.o)
 .debug_info    0x0000000000066f34      0x732 C:/devkitPro/libnx/lib\libnx.a(event.o)
 .debug_info    0x0000000000067666      0xa6e C:/devkitPro/libnx/lib\libnx.a(mutex.o)
 .debug_info    0x00000000000680d4     0x100a C:/devkitPro/libnx/lib\libnx.a(wait.o)
 .debug_info    0x00000000000690de     0x12b1 C:/devkitPro/libnx/lib\libnx.a(sessionmgr.o)
 .debug_info    0x000000000006a38f     0x7a37 C:/devkitPro/libnx/lib\libnx.a(time.o)
 .debug_info    0x0000000000071dc6      0x1e8 C:/devkitPro/libnx/lib\libnx.a(alloc.o)
 .debug_info    0x0000000000071fae      0x4fa C:/devkitPro/libnx/lib\libnx.a(argv.o)
 .debug_info    0x00000000000724a8      0x94b C:/devkitPro/libnx/lib\libnx.a(dynamic.o)
 .debug_info    0x0000000000072df3      0x9b6 C:/devkitPro/libnx/lib\libnx.a(env.o)
 .debug_info    0x00000000000737a9      0xd1d C:/devkitPro/libnx/lib\libnx.a(init.o)
 .debug_info    0x00000000000744c6     0x263b C:/devkitPro/libnx/lib\libnx.a(newlib.o)
 .debug_info    0x0000000000076b01      0x1e1 C:/devkitPro/libnx/lib\libnx.a(nxlink.o)
 .debug_info    0x0000000000076ce2       0x23 C:/devkitPro/libnx/lib\libnx.a(exception.o)
 .debug_info    0x0000000000076d05      0x395 C:/devkitPro/libnx/lib\libnx.a(condvar.o)
 .debug_info    0x000000000007709a      0x5cd C:/devkitPro/libnx/lib\libnx.a(shmem.o)
 .debug_info    0x0000000000077667     0x1ca4 C:/devkitPro/libnx/lib\libnx.a(thread.o)
 .debug_info    0x000000000007930b     0x11e5 C:/devkitPro/libnx/lib\libnx.a(virtmem.o)
 .debug_info    0x000000000007a4f0    0x35f50 C:/devkitPro/libnx/lib\libnx.a(applet.o)
 .debug_info    0x00000000000b0440    0x1cfac C:/devkitPro/libnx/lib\libnx.a(hid.o)
 .debug_info    0x00000000000cd3ec      0x9b3 C:/devkitPro/libnx/lib\libnx.a(random.o)
 .debug_info    0x00000000000cdd9f      0x95c C:/devkitPro/libnx/lib\libnx.a(tmem.o)
 .debug_info    0x00000000000ce6fb     0x2e17 C:/devkitPro/libnx/lib\libnx.a(apm.o)

.debug_abbrev   0x0000000000000000     0x6f12
 *(.debug_abbrev)
 .debug_abbrev  0x0000000000000000      0x2bb main.o
 .debug_abbrev  0x00000000000002bb      0x4e7 C:/devkitPro/libnx/lib\libnx.a(fatal.o)
 .debug_abbrev  0x00000000000007a2      0x6b9 C:/devkitPro/libnx/lib\libnx.a(fs.o)
 .debug_abbrev  0x0000000000000e5b      0x674 C:/devkitPro/libnx/lib\libnx.a(set.o)
 .debug_abbrev  0x00000000000014cf      0x572 C:/devkitPro/libnx/lib\libnx.a(sm.o)
 .debug_abbrev  0x0000000000001a41       0xd3 C:/devkitPro/libnx/lib\libnx.a(diag.o)
 .debug_abbrev  0x0000000000001b14       0xa7 C:/devkitPro/libnx/lib\libnx.a(hosversion.o)
 .debug_abbrev  0x0000000000001bbb      0x6bf C:/devkitPro/libnx/lib\libnx.a(fs_dev.o)
 .debug_abbrev  0x000000000000227a       0x5e C:/devkitPro/libnx/lib\libnx.a(path_buf.o)
 .debug_abbrev  0x00000000000022d8       0x99 C:/devkitPro/libnx/lib\libnx.a(decode_utf8.o)
 .debug_abbrev  0x0000000000002371       0x12 C:/devkitPro/libnx/lib\libnx.a(svc.o)
 .debug_abbrev  0x0000000000002383       0x14 C:/devkitPro/libnx/lib\libnx.a(readtp.o)
 .debug_abbrev  0x0000000000002397       0x14 C:/devkitPro/libnx/lib\libnx.a(switch_crt0.o)
 .debug_abbrev  0x00000000000023ab      0x2b6 C:/devkitPro/libnx/lib\libnx.a(event.o)
 .debug_abbrev  0x0000000000002661      0x2c4 C:/devkitPro/libnx/lib\libnx.a(mutex.o)
 .debug_abbrev  0x0000000000002925      0x34b C:/devkitPro/libnx/lib\libnx.a(wait.o)
 .debug_abbrev  0x0000000000002c70      0x3dd C:/devkitPro/libnx/lib\libnx.a(sessionmgr.o)
 .debug_abbrev  0x000000000000304d      0x5ca C:/devkitPro/libnx/lib\libnx.a(time.o)
 .debug_abbrev  0x0000000000003617      0x121 C:/devkitPro/libnx/lib\libnx.a(alloc.o)
 .debug_abbrev  0x0000000000003738      0x1b9 C:/devkitPro/libnx/lib\libnx.a(argv.o)
 .debug_abbrev  0x00000000000038f1      0x2e5 C:/devkitPro/libnx/lib\libnx.a(dynamic.o)
 .debug_abbrev  0x0000000000003bd6      0x2b1 C:/devkitPro/libnx/lib\libnx.a(env.o)
 .debug_abbrev  0x0000000000003e87      0x359 C:/devkitPro/libnx/lib\libnx.a(init.o)
 .debug_abbrev  0x00000000000041e0      0x61a C:/devkitPro/libnx/lib\libnx.a(newlib.o)
 .debug_abbrev  0x00000000000047fa       0xf4 C:/devkitPro/libnx/lib\libnx.a(nxlink.o)
 .debug_abbrev  0x00000000000048ee       0x12 C:/devkitPro/libnx/lib\libnx.a(exception.o)
 .debug_abbrev  0x0000000000004900      0x1ab C:/devkitPro/libnx/lib\libnx.a(condvar.o)
 .debug_abbrev  0x0000000000004aab      0x20c C:/devkitPro/libnx/lib\libnx.a(shmem.o)
 .debug_abbrev  0x0000000000004cb7      0x5bd C:/devkitPro/libnx/lib\libnx.a(thread.o)
 .debug_abbrev  0x0000000000005274      0x35f C:/devkitPro/libnx/lib\libnx.a(virtmem.o)
 .debug_abbrev  0x00000000000055d3      0x7f5 C:/devkitPro/libnx/lib\libnx.a(applet.o)
 .debug_abbrev  0x0000000000005dc8      0x7d9 C:/devkitPro/libnx/lib\libnx.a(hid.o)
 .debug_abbrev  0x00000000000065a1      0x2ee C:/devkitPro/libnx/lib\libnx.a(random.o)
 .debug_abbrev  0x000000000000688f      0x249 C:/devkitPro/libnx/lib\libnx.a(tmem.o)
 .debug_abbrev  0x0000000000006ad8      0x43a C:/devkitPro/libnx/lib\libnx.a(apm.o)

.debug_line     0x0000000000000000    0x5b770
 *(.debug_line)
 .debug_line    0x0000000000000000      0x1ed main.o
 .debug_line    0x00000000000001ed      0x586 C:/devkitPro/libnx/lib\libnx.a(fatal.o)
 .debug_line    0x0000000000000773    0x11eac C:/devkitPro/libnx/lib\libnx.a(fs.o)
 .debug_line    0x000000000001261f    0x16afd C:/devkitPro/libnx/lib\libnx.a(set.o)
 .debug_line    0x000000000002911c     0x1630 C:/devkitPro/libnx/lib\libnx.a(sm.o)
 .debug_line    0x000000000002a74c       0x82 C:/devkitPro/libnx/lib\libnx.a(diag.o)
 .debug_line    0x000000000002a7ce       0xad C:/devkitPro/libnx/lib\libnx.a(hosversion.o)
 .debug_line    0x000000000002a87b     0x2388 C:/devkitPro/libnx/lib\libnx.a(fs_dev.o)
 .debug_line    0x000000000002cc03       0x3f C:/devkitPro/libnx/lib\libnx.a(path_buf.o)
 .debug_line    0x000000000002cc42      0x1a8 C:/devkitPro/libnx/lib\libnx.a(decode_utf8.o)
 .debug_line    0x000000000002cdea      0xb3f C:/devkitPro/libnx/lib\libnx.a(svc.o)
 .debug_line    0x000000000002d929       0x4d C:/devkitPro/libnx/lib\libnx.a(readtp.o)
 .debug_line    0x000000000002d976       0x69 C:/devkitPro/libnx/lib\libnx.a(switch_crt0.o)
 .debug_line    0x000000000002d9df      0x217 C:/devkitPro/libnx/lib\libnx.a(event.o)
 .debug_line    0x000000000002dbf6      0x4db C:/devkitPro/libnx/lib\libnx.a(mutex.o)
 .debug_line    0x000000000002e0d1      0x8a4 C:/devkitPro/libnx/lib\libnx.a(wait.o)
 .debug_line    0x000000000002e975      0x4a9 C:/devkitPro/libnx/lib\libnx.a(sessionmgr.o)
 .debug_line    0x000000000002ee1e     0x2f63 C:/devkitPro/libnx/lib\libnx.a(time.o)
 .debug_line    0x0000000000031d81       0xa2 C:/devkitPro/libnx/lib\libnx.a(alloc.o)
 .debug_line    0x0000000000031e23      0x3fb C:/devkitPro/libnx/lib\libnx.a(argv.o)
 .debug_line    0x000000000003221e      0x2e6 C:/devkitPro/libnx/lib\libnx.a(dynamic.o)
 .debug_line    0x0000000000032504      0x50a C:/devkitPro/libnx/lib\libnx.a(env.o)
 .debug_line    0x0000000000032a0e      0x31b C:/devkitPro/libnx/lib\libnx.a(init.o)
 .debug_line    0x0000000000032d29      0xc7d C:/devkitPro/libnx/lib\libnx.a(newlib.o)
 .debug_line    0x00000000000339a6       0xfb C:/devkitPro/libnx/lib\libnx.a(nxlink.o)
 .debug_line    0x0000000000033aa1       0xd5 C:/devkitPro/libnx/lib\libnx.a(exception.o)
 .debug_line    0x0000000000033b76      0x113 C:/devkitPro/libnx/lib\libnx.a(condvar.o)
 .debug_line    0x0000000000033c89      0x1e7 C:/devkitPro/libnx/lib\libnx.a(shmem.o)
 .debug_line    0x0000000000033e70      0x932 C:/devkitPro/libnx/lib\libnx.a(thread.o)
 .debug_line    0x00000000000347a2      0x5f7 C:/devkitPro/libnx/lib\libnx.a(virtmem.o)
 .debug_line    0x0000000000034d99    0x197dc C:/devkitPro/libnx/lib\libnx.a(applet.o)
 .debug_line    0x000000000004e575     0xbec3 C:/devkitPro/libnx/lib\libnx.a(hid.o)
 .debug_line    0x000000000005a438      0x3bd C:/devkitPro/libnx/lib\libnx.a(random.o)
 .debug_line    0x000000000005a7f5      0x357 C:/devkitPro/libnx/lib\libnx.a(tmem.o)
 .debug_line    0x000000000005ab4c      0xc24 C:/devkitPro/libnx/lib\libnx.a(apm.o)

.debug_frame
 *(.debug_frame)

.debug_str      0x0000000000000000    0x14f87
 *(.debug_str)
 .debug_str     0x0000000000000000    0x14f87 main.o
                                       0x1994 (size before relaxing)
 .debug_str     0x0000000000014f87        0x0 C:/devkitPro/libnx/lib\libnx.a(fatal.o)
                                       0x1a20 (size before relaxing)
 .debug_str     0x0000000000014f87        0x0 C:/devkitPro/libnx/lib\libnx.a(fs.o)
                                       0x3e46 (size before relaxing)
 .debug_str     0x0000000000014f87        0x0 C:/devkitPro/libnx/lib\libnx.a(set.o)
                                       0x575b (size before relaxing)
 .debug_str     0x0000000000014f87        0x0 C:/devkitPro/libnx/lib\libnx.a(sm.o)
                                       0x1cd3 (size before relaxing)
 .debug_str     0x0000000000014f87        0x0 C:/devkitPro/libnx/lib\libnx.a(diag.o)
                                        0x26e (size before relaxing)
 .debug_str     0x0000000000014f87        0x0 C:/devkitPro/libnx/lib\libnx.a(hosversion.o)
                                        0x1a4 (size before relaxing)
 .debug_str     0x0000000000014f87        0x0 C:/devkitPro/libnx/lib\libnx.a(fs_dev.o)
                                       0x1bf9 (size before relaxing)
 .debug_str     0x0000000000014f87        0x0 C:/devkitPro/libnx/lib\libnx.a(path_buf.o)
                                        0x138 (size before relaxing)
 .debug_str     0x0000000000014f87        0x0 C:/devkitPro/libnx/lib\libnx.a(decode_utf8.o)
                                        0x1a2 (size before relaxing)
 .debug_str     0x0000000000014f87        0x0 C:/devkitPro/libnx/lib\libnx.a(svc.o)
                                         0xbc (size before relaxing)
 .debug_str     0x0000000000014f87        0x0 C:/devkitPro/libnx/lib\libnx.a(readtp.o)
                                         0xc0 (size before relaxing)
 .debug_str     0x0000000000014f87        0x0 C:/devkitPro/libnx/lib\libnx.a(switch_crt0.o)
                                         0xc5 (size before relaxing)
 .debug_str     0x0000000000014f87        0x0 C:/devkitPro/libnx/lib\libnx.a(event.o)
                                        0x8f6 (size before relaxing)
 .debug_str     0x0000000000014f87        0x0 C:/devkitPro/libnx/lib\libnx.a(mutex.o)
                                        0x434 (size before relaxing)
 .debug_str     0x0000000000014f87        0x0 C:/devkitPro/libnx/lib\libnx.a(wait.o)
                                        0x95e (size before relaxing)
 .debug_str     0x0000000000014f87        0x0 C:/devkitPro/libnx/lib\libnx.a(sessionmgr.o)
                                        0xe1b (size before relaxing)
 .debug_str     0x0000000000014f87        0x0 C:/devkitPro/libnx/lib\libnx.a(time.o)
                                       0x1cac (size before relaxing)
 .debug_str     0x0000000000014f87        0x0 C:/devkitPro/libnx/lib\libnx.a(alloc.o)
                                        0x1bf (size before relaxing)
 .debug_str     0x0000000000014f87        0x0 C:/devkitPro/libnx/lib\libnx.a(argv.o)
                                        0x351 (size before relaxing)